#------------------------------------------------------------------------------
# irace: An implementation in R of (Elitist) Iterated Racing
# Version: 3.5.6863679
# Copyright (C) 2010-2020
# Manuel Lopez-Ibanez     <manuel.lopez-ibanez@manchester.ac.uk>
# Jeremie Dubois-Lacoste  
# Leslie Perez Caceres    <leslie.perez.caceres@ulb.ac.be>
#
# This is free software, and you are welcome to redistribute it under certain
# conditions.  See the GNU General Public License for details. There is NO
# WARRANTY; not even for MERCHANTABILITY or FITNESS FOR A PARTICULAR PURPOSE.
#
# irace builds upon previous code from the race package:
#     race: Racing methods for the selection of the best
#     Copyright (C) 2003 Mauro Birattari
#------------------------------------------------------------------------------
# installed at: /home/shared/sisadapt3/R/x86_64-pc-linux-gnu-library/3.6/irace
# called with: 
== irace == WARNING: A default scenario file '/home/shared/sisadapt3/tuning_merge_model/scenario.txt' has been found and will be read.
# 2024-12-15 01:34:26 -03: 2 expression(s) specifying forbidden configurations read from '/home/shared/sisadapt3/tuning_merge_model/forbidden.txt'
batchmode 
sge,pbs,torque,slurm,htcondor 
# 2024-12-15 01:34:26 -03: Initialization
# Elitist race
# Elitist new instances: 1
# Elitist limit: 2
# nbIterations: 5
# minNbSurvival: 5
# nbParameters: 11
# seed: 1247312727
# confidence level: 0.95
# budget: 1000
# mu: 5
# deterministic: FALSE

# 2024-12-15 01:34:27 -03: Iteration 1 of 5
# experimentsUsedSoFar: 0
# remainingBudget: 1000
# currentBudget: 200
# nbConfigurations: 33
# Markers:
     x No test is performed.
     c Configurations are discarded only due to capping.
     - The test is performed and some configurations are discarded.
     = The test is performed but no configuration is discarded.
     ! The test is performed and configurations could be discarded but elite configurations are preserved.
     . All alive configurations are elite and nothing is discarded

+-+-----------+-----------+-----------+----------------+-----------+--------+-----+----+------+
| |   Instance|      Alive|       Best|       Mean best| Exp so far|  W time|  rho|KenW|  Qvar|
+-+-----------+-----------+-----------+----------------+-----------+--------+-----+----+------+
|x|          1|         33|         11|    -26.77960000|         33|00:03:33|   NA|  NA|    NA|
|x|          2|         33|         28|    -18.27845000|         66|00:03:52|+0.17|0.59|0.4805|
|x|          3|         33|         11|    -26.44124667|         99|00:03:07|+0.29|0.53|0.4881|
|x|          4|         33|         11|    -23.52448500|        132|00:03:24|+0.40|0.55|0.4102|
|-|          5|          5|         11|    -27.77286800|        165|00:03:10|+0.43|0.54|0.3154|
+-+-----------+-----------+-----------+----------------+-----------+--------+-----+----+------+
Best-so-far configuration:          11    mean value:     -27.77286800
Description of the best-so-far configuration:
   .ID. population_size  pm elite_count max_error temperature_pert temperature_leap cooling_rate heat_rate iteraciones_max N_parents n_particiones .PARENT.
11   11              34 0.1          17        49            685.3          1156.26         0.85       1.7             225         2            79       NA

# 2024-12-15 01:51:35 -03: Elite configurations (first number is the configuration ID; listed from best to worst according to the sum of ranks):
   population_size   pm elite_count max_error temperature_pert temperature_leap cooling_rate heat_rate iteraciones_max N_parents n_particiones
11              34 0.10          17        49           685.30          1156.26         0.85      1.70             225         2            79
28              44 0.20          18        38           407.32           854.94         0.87      1.00             103         2           267
20              34 0.23          15        41           304.48           744.36         0.87      1.23             183         1           133
8               74 0.06          18        44           521.31          1100.02         0.98      1.37             108         1           285
29              36 0.14          20        31           706.05           783.43         0.89      1.81             223         1           203
# 2024-12-15 01:51:35 -03: Iteration 2 of 5
# experimentsUsedSoFar: 165
# remainingBudget: 835
# currentBudget: 208
# nbConfigurations: 33
# Markers:
     x No test is performed.
     c Configurations are discarded only due to capping.
     - The test is performed and some configurations are discarded.
     = The test is performed but no configuration is discarded.
     ! The test is performed and configurations could be discarded but elite configurations are preserved.
     . All alive configurations are elite and nothing is discarded

+-+-----------+-----------+-----------+----------------+-----------+--------+-----+----+------+
| |   Instance|      Alive|       Best|       Mean best| Exp so far|  W time|  rho|KenW|  Qvar|
+-+-----------+-----------+-----------+----------------+-----------+--------+-----+----+------+
|x|          6|         33|         11|    -32.78210000|         33|00:03:09|   NA|  NA|    NA|
|x|          2|         33|         11|    -21.27687000|         61|00:03:28|+0.33|0.66|0.7121|
|x|          3|         33|         11|    -28.44208000|         89|00:02:09|+0.31|0.54|0.6645|
|x|          5|         33|         11|    -32.52316000|        117|00:02:17|+0.34|0.50|0.6371|
|-|          4|          9|         11|    -28.97336800|        145|00:02:50|+0.10|0.28|0.6440|
|-|          1|          2|         11|    -28.60774000|        149|00:01:07|+0.33|0.44|0.3333|
+-+-----------+-----------+-----------+----------------+-----------+--------+-----+----+------+
Best-so-far configuration:          11    mean value:     -28.60774000
Description of the best-so-far configuration:
   .ID. population_size  pm elite_count max_error temperature_pert temperature_leap cooling_rate heat_rate iteraciones_max N_parents n_particiones .PARENT.
11   11              34 0.1          17        49            685.3          1156.26         0.85       1.7             225         2            79       NA

# 2024-12-15 02:06:38 -03: Elite configurations (first number is the configuration ID; listed from best to worst according to the sum of ranks):
   population_size   pm elite_count max_error temperature_pert temperature_leap cooling_rate heat_rate iteraciones_max N_parents n_particiones
11              34 0.10          17        49           685.30          1156.26         0.85      1.70             225         2            79
49              44 0.12          18        41           470.49          1199.35         0.90      1.68             244         2            70
# 2024-12-15 02:06:38 -03: Iteration 3 of 5
# experimentsUsedSoFar: 314
# remainingBudget: 686
# currentBudget: 228
# nbConfigurations: 30
# Markers:
     x No test is performed.
     c Configurations are discarded only due to capping.
     - The test is performed and some configurations are discarded.
     = The test is performed but no configuration is discarded.
     ! The test is performed and configurations could be discarded but elite configurations are preserved.
     . All alive configurations are elite and nothing is discarded

+-+-----------+-----------+-----------+----------------+-----------+--------+-----+----+------+
| |   Instance|      Alive|       Best|       Mean best| Exp so far|  W time|  rho|KenW|  Qvar|
+-+-----------+-----------+-----------+----------------+-----------+--------+-----+----+------+
|x|          7|         30|         86|    -48.76570000|         30|00:03:07|   NA|  NA|    NA|
|x|          4|         30|         74|    -27.77035000|         58|00:02:27|+0.56|0.78|0.4641|
|x|          3|         30|         74|    -31.77136667|         86|00:02:07|+0.48|0.65|0.5018|
|x|          1|         30|         11|    -32.27317500|        114|00:02:13|+0.52|0.64|0.4603|
|-|          2|          8|         80|    -25.57394000|        142|00:02:35|+0.13|0.31|0.8005|
|=|          5|          8|         11|    -30.60512333|        148|00:01:03|+0.12|0.27|0.8056|
|=|          6|          8|         11|    -30.91612000|        154|00:01:03|+0.12|0.25|0.8429|
|=|          8|          8|         11|    -28.89819250|        162|00:01:09|+0.06|0.18|0.8653|
+-+-----------+-----------+-----------+----------------+-----------+--------+-----+----+------+
Best-so-far configuration:          11    mean value:     -28.89819250
Description of the best-so-far configuration:
   .ID. population_size  pm elite_count max_error temperature_pert temperature_leap cooling_rate heat_rate iteraciones_max N_parents n_particiones .PARENT.
11   11              34 0.1          17        49            685.3          1156.26         0.85       1.7             225         2            79       NA

# 2024-12-15 02:22:25 -03: Elite configurations (first number is the configuration ID; listed from best to worst according to the sum of ranks):
   population_size   pm elite_count max_error temperature_pert temperature_leap cooling_rate heat_rate iteraciones_max N_parents n_particiones
11              34 0.10          17        49           685.30          1156.26         0.85      1.70             225         2            79
74              42 0.10          17        50           777.26          1027.56         0.87      1.56             269         2            88
77              46 0.13          14        42           790.44          1158.68         0.91      1.51             144         2           149
80              28 0.08          14        44           523.83          1085.76         0.85      1.19             340         2           150
86              40 0.12          17        47           748.38          1164.35         0.86      1.24             253         2            61
# 2024-12-15 02:22:25 -03: Iteration 4 of 5
# experimentsUsedSoFar: 476
# remainingBudget: 524
# currentBudget: 262
# nbConfigurations: 33
# Markers:
     x No test is performed.
     c Configurations are discarded only due to capping.
     - The test is performed and some configurations are discarded.
     = The test is performed but no configuration is discarded.
     ! The test is performed and configurations could be discarded but elite configurations are preserved.
     . All alive configurations are elite and nothing is discarded

+-+-----------+-----------+-----------+----------------+-----------+--------+-----+----+------+
| |   Instance|      Alive|       Best|       Mean best| Exp so far|  W time|  rho|KenW|  Qvar|
+-+-----------+-----------+-----------+----------------+-----------+--------+-----+----+------+
|x|          9|         33|         99|    -42.77400000|         33|00:03:07|   NA|  NA|    NA|
|x|          2|         33|         11|    -26.27207000|         61|00:02:51|+0.26|0.63|0.7048|
|x|          4|         33|         80|    -21.77386667|         89|00:02:31|+0.40|0.60|0.5791|
|x|          3|         33|         99|    -28.02125000|        117|00:02:09|+0.45|0.59|0.5241|
|-|          5|         10|         11|    -30.97144800|        145|00:02:13|+0.13|0.31|0.9107|
|-|          8|          8|         97|    -28.27184333|        150|00:01:05|+0.05|0.21|0.9304|
|=|          1|          8|         91|    -24.33990000|        153|00:01:05|+0.09|0.22|0.8673|
|=|          6|          8|         91|    -26.27011250|        156|00:01:02|+0.13|0.24|0.8421|
|-|          7|          4|         91|    -28.76967778|        159|00:01:05|+0.22|0.31|0.7228|
+-+-----------+-----------+-----------+----------------+-----------+--------+-----+----+------+
Best-so-far configuration:          91    mean value:     -28.76967778
Description of the best-so-far configuration:
   .ID. population_size   pm elite_count max_error temperature_pert temperature_leap cooling_rate heat_rate iteraciones_max N_parents n_particiones .PARENT.
91   91              30 0.05          17        45           704.68          1047.01         0.87      1.85             265         2            96       11

# 2024-12-15 02:39:37 -03: Elite configurations (first number is the configuration ID; listed from best to worst according to the sum of ranks):
   population_size   pm elite_count max_error temperature_pert temperature_leap cooling_rate heat_rate iteraciones_max N_parents n_particiones
91              30 0.05          17        45           704.68          1047.01         0.87      1.85             265         2            96
11              34 0.10          17        49           685.30          1156.26         0.85      1.70             225         2            79
97              26 0.16          15        45           759.86          1017.12         0.89      1.76             181         2            74
74              42 0.10          17        50           777.26          1027.56         0.87      1.56             269         2            88
# 2024-12-15 02:39:37 -03: Iteration 5 of 5
# experimentsUsedSoFar: 635
# remainingBudget: 365
# currentBudget: 365
# nbConfigurations: 40
# Markers:
     x No test is performed.
     c Configurations are discarded only due to capping.
     - The test is performed and some configurations are discarded.
     = The test is performed but no configuration is discarded.
     ! The test is performed and configurations could be discarded but elite configurations are preserved.
     . All alive configurations are elite and nothing is discarded

+-+-----------+-----------+-----------+----------------+-----------+--------+-----+----+------+
| |   Instance|      Alive|       Best|       Mean best| Exp so far|  W time|  rho|KenW|  Qvar|
+-+-----------+-----------+-----------+----------------+-----------+--------+-----+----+------+
|x|         10|         40|        145|    -30.77780000|         40|00:03:10|   NA|  NA|    NA|
|x|          5|         40|         91|    -37.77390000|         76|00:03:06|+0.26|0.63|0.6958|
|x|          9|         40|         11|    -38.10616667|        112|00:03:03|+0.25|0.50|0.7256|
|x|          6|         40|         11|    -36.77515000|        148|00:03:08|+0.33|0.50|0.6507|
|-|          4|         16|        150|    -30.77584000|        184|00:03:14|-0.01|0.19|1.0205|
|=|          2|         16|         91|    -28.27201667|        196|00:01:13|+0.00|0.17|0.9775|
|=|          3|         16|        118|    -29.77548571|        208|00:01:03|+0.01|0.15|0.9858|
|=|          8|         16|         91|    -26.27011250|        220|00:01:15|+0.06|0.18|0.9288|
|=|          1|         16|         91|    -26.32694444|        232|00:01:07|+0.04|0.15|0.9447|
|-|          7|         11|         91|    -28.57087000|        244|00:01:05|-0.02|0.08|0.9403|
|=|         11|         11|         91|    -29.59002727|        255|00:01:05|-0.01|0.09|0.9116|
|=|         12|         11|         91|    -28.27201667|        266|00:01:09|+0.01|0.10|0.9019|
+-+-----------+-----------+-----------+----------------+-----------+--------+-----+----+------+
Best-so-far configuration:          91    mean value:     -28.27201667
Description of the best-so-far configuration:
   .ID. population_size   pm elite_count max_error temperature_pert temperature_leap cooling_rate heat_rate iteraciones_max N_parents n_particiones .PARENT.
91   91              30 0.05          17        45           704.68          1047.01         0.87      1.85             265         2            96       11

# 2024-12-15 03:03:21 -03: Elite configurations (first number is the configuration ID; listed from best to worst according to the sum of ranks):
    population_size   pm elite_count max_error temperature_pert temperature_leap cooling_rate heat_rate iteraciones_max N_parents n_particiones
91               30 0.05          17        45           704.68          1047.01         0.87      1.85             265         2            96
11               34 0.10          17        49           685.30          1156.26         0.85      1.70             225         2            79
136              22 0.06          20        48           743.10          1052.41         0.86      1.80             368         2           100
118              32 0.10          16        50           750.37          1028.02         0.88      1.68             344         2            97
150              22 0.15          14        43           721.96           898.23         0.90      1.92             172         2            84
# 2024-12-15 03:03:21 -03: Iteration 6 of 6
# experimentsUsedSoFar: 901
# remainingBudget: 99
# currentBudget: 99
# nbConfigurations: 12
# Markers:
     x No test is performed.
     c Configurations are discarded only due to capping.
     - The test is performed and some configurations are discarded.
     = The test is performed but no configuration is discarded.
     ! The test is performed and configurations could be discarded but elite configurations are preserved.
     . All alive configurations are elite and nothing is discarded

+-+-----------+-----------+-----------+----------------+-----------+--------+-----+----+------+
| |   Instance|      Alive|       Best|       Mean best| Exp so far|  W time|  rho|KenW|  Qvar|
+-+-----------+-----------+-----------+----------------+-----------+--------+-----+----+------+
|x|         13|         12|         91|    -23.77230000|         12|00:01:11|   NA|  NA|    NA|
|x|          9|         12|        150|    -30.27390000|         19|00:01:03|-0.21|0.39|0.7462|
|x|          6|         12|         91|    -26.77013333|         26|00:01:05|+0.15|0.44|0.5190|
|x|          2|         12|         91|    -23.52107500|         33|00:01:13|+0.22|0.42|0.6051|
|-|          3|         10|        118|    -28.77576000|         40|00:01:03|-0.14|0.09|0.9945|
|=|         10|         10|        118|    -28.77663333|         45|00:01:07|-0.03|0.14|0.8948|
|=|          5|         10|         91|    -26.62694286|         50|00:01:05|+0.05|0.18|0.8288|
|=|          7|         10|         91|    -29.39435000|         55|00:01:03|+0.12|0.23|0.7859|
|-|          1|          7|         91|    -29.10404444|         60|00:01:07|+0.01|0.12|0.7941|
|=|         11|          7|         91|    -30.17180000|         62|00:01:04|+0.05|0.14|0.7520|
|=|          4|          7|         91|    -29.59002727|         64|00:01:11|+0.07|0.15|0.7384|
|=|          8|          7|         91|    -29.10521667|         66|00:01:11|+0.10|0.17|0.7180|
|-|         12|          1|         91|    -27.92588462|         68|00:01:11|   NA|  NA|    NA|
+-+-----------+-----------+-----------+----------------+-----------+--------+-----+----+------+
Best-so-far configuration:          91    mean value:     -27.92588462
Description of the best-so-far configuration:
   .ID. population_size   pm elite_count max_error temperature_pert temperature_leap cooling_rate heat_rate iteraciones_max N_parents n_particiones .PARENT.
91   91              30 0.05          17        45           704.68          1047.01         0.87      1.85             265         2            96       11

# 2024-12-15 03:18:00 -03: Elite configurations (first number is the configuration ID; listed from best to worst according to the sum of ranks):
   population_size   pm elite_count max_error temperature_pert temperature_leap cooling_rate heat_rate iteraciones_max N_parents n_particiones
91              30 0.05          17        45           704.68          1047.01         0.87      1.85             265         2            96
# 2024-12-15 03:18:00 -03: Stopped because there is not enough budget left to race more than the minimum (5)
# You may either increase the budget or set 'minNbSurvival' to a lower value
# Iteration: 7
# nbIterations: 7
# experimentsUsedSoFar: 969
# timeUsed: 0
# remainingBudget: 31
# currentBudget: 31
# number of elites: 1
# nbConfigurations: 3
# Total CPU user time: 54.156, CPU sys time: 46.079, Wall-clock time: 6213.543
# Best configurations (first number is the configuration ID; listed from best to worst according to the sum of ranks):
   population_size   pm elite_count max_error temperature_pert temperature_leap cooling_rate heat_rate iteraciones_max N_parents n_particiones
91              30 0.05          17        45           704.68          1047.01         0.87      1.85             265         2            96
# Best configurations as commandlines (first number is the configuration ID; same order as above):
91  -pop_size 30 -pm 0.05 -elite 17 -max_error 45 -temp_pert 704.68 -temp_leap 1047.01 -cool_rate 0.87 -heat_rate 1.85 -iter_max 265 -N_parents 2 -n_part 96


# Testing of elite configurations: 1 
# Testing iteration configurations: FALSE 
# 2024-12-15 03:18:00 -03: No test instances, skip testing
