#------------------------------------------------------------------------------
# irace: An implementation in R of (Elitist) Iterated Racing
# Version: 3.5.6863679
# Copyright (C) 2010-2020
# Manuel Lopez-Ibanez     <manuel.lopez-ibanez@manchester.ac.uk>
# Jeremie Dubois-Lacoste  
# Leslie Perez Caceres    <leslie.perez.caceres@ulb.ac.be>
#
# This is free software, and you are welcome to redistribute it under certain
# conditions.  See the GNU General Public License for details. There is NO
# WARRANTY; not even for MERCHANTABILITY or FITNESS FOR A PARTICULAR PURPOSE.
#
# irace builds upon previous code from the race package:
#     race: Racing methods for the selection of the best
#     Copyright (C) 2003 Mauro Birattari
#------------------------------------------------------------------------------
# installed at: /home/shared/sisadapt3/R/x86_64-pc-linux-gnu-library/3.6/irace
# called with: 
== irace == WARNING: A default scenario file '/home/shared/sisadapt3/tuning_merge_model/scenario.txt' has been found and will be read.
Error in parse(file = filename) : 
  /home/shared/sisadapt3/tuning_merge_model/forbidden.txt:2:17: unexpected input
1: elite_count > population_size
2: population_size % N_parents != 0
                   ^
Calls: irace.cmdline ... irace_common -> checkScenario -> readForbiddenFile -> parse
Ejecución interrumpida
#------------------------------------------------------------------------------
# irace: An implementation in R of (Elitist) Iterated Racing
# Version: 3.5.6863679
# Copyright (C) 2010-2020
# Manuel Lopez-Ibanez     <manuel.lopez-ibanez@manchester.ac.uk>
# Jeremie Dubois-Lacoste  
# Leslie Perez Caceres    <leslie.perez.caceres@ulb.ac.be>
#
# This is free software, and you are welcome to redistribute it under certain
# conditions.  See the GNU General Public License for details. There is NO
# WARRANTY; not even for MERCHANTABILITY or FITNESS FOR A PARTICULAR PURPOSE.
#
# irace builds upon previous code from the race package:
#     race: Racing methods for the selection of the best
#     Copyright (C) 2003 Mauro Birattari
#------------------------------------------------------------------------------
# installed at: /home/shared/sisadapt3/R/x86_64-pc-linux-gnu-library/3.6/irace
# called with: 
== irace == WARNING: A default scenario file '/home/shared/sisadapt3/tuning_merge_model/scenario.txt' has been found and will be read.
# 2024-12-14 23:19:17 -03: 2 expression(s) specifying forbidden configurations read from '/home/shared/sisadapt3/tuning_merge_model/forbidden.txt'
batchmode 
sge,pbs,torque,slurm,htcondor 
# 2024-12-14 23:19:17 -03: Initialization
# Elitist race
# Elitist new instances: 1
# Elitist limit: 2
# nbIterations: 5
# minNbSurvival: 5
# nbParameters: 11
# seed: 1573726584
# confidence level: 0.95
# budget: 1000
# mu: 5
# deterministic: FALSE

# 2024-12-14 23:19:17 -03: Iteration 1 of 5
# experimentsUsedSoFar: 0
# remainingBudget: 1000
# currentBudget: 200
# nbConfigurations: 33
# Markers:
     x No test is performed.
     c Configurations are discarded only due to capping.
     - The test is performed and some configurations are discarded.
     = The test is performed but no configuration is discarded.
     ! The test is performed and configurations could be discarded but elite configurations are preserved.
     . All alive configurations are elite and nothing is discarded

+-+-----------+-----------+-----------+----------------+-----------+--------+-----+----+------+
| |   Instance|      Alive|       Best|       Mean best| Exp so far|  W time|  rho|KenW|  Qvar|
+-+-----------+-----------+-----------+----------------+-----------+--------+-----+----+------+
|x|          1|         33|         33|    -175.7340000|         33|00:03:14|   NA|  NA|    NA|
|x|          2|         33|         33|    -175.2380000|         66|00:03:33|+0.11|0.55|0.7089|
|x|          3|         33|         33|    -144.4045667|         99|00:03:16|+0.15|0.43|0.7383|
|x|          4|         33|         33|    -133.2401000|        132|00:03:14|+0.17|0.38|0.7255|
|-|          5|          6|         33|    -126.5417400|        165|00:03:11|+0.36|0.49|0.4663|
|-|          6|          3|         33|    -132.0751167|        171|00:01:12|+0.03|0.19|0.5895|
+-+-----------+-----------+-----------+----------------+-----------+--------+-----+----+------+
Best-so-far configuration:          33    mean value:     -132.0751167
Description of the best-so-far configuration:
   .ID. population_size   pm elite_count max_error temperature_pert temperature_leap cooling_rate heat_rate iteraciones_max N_parents n_particiones .PARENT.
33   33              15 0.17          11        40           462.66          1195.12         0.89      1.68             135         3           124       NA

# 2024-12-14 23:37:00 -03: Elite configurations (first number is the configuration ID; listed from best to worst according to the sum of ranks):
   population_size   pm elite_count max_error temperature_pert temperature_leap cooling_rate heat_rate iteraciones_max N_parents n_particiones
33              15 0.17          11        40           462.66          1195.12         0.89      1.68             135         3           124
32              58 0.19          13        31           742.34           631.59         0.93      1.32             233         2           278
18              26 0.11           6        47           391.67           619.60         0.97      1.40             383         1           230
# 2024-12-14 23:37:00 -03: Iteration 2 of 5
# experimentsUsedSoFar: 171
# remainingBudget: 829
# currentBudget: 207
# nbConfigurations: 32
# Markers:
     x No test is performed.
     c Configurations are discarded only due to capping.
     - The test is performed and some configurations are discarded.
     = The test is performed but no configuration is discarded.
     ! The test is performed and configurations could be discarded but elite configurations are preserved.
     . All alive configurations are elite and nothing is discarded

+-+-----------+-----------+-----------+----------------+-----------+--------+-----+----+------+
| |   Instance|      Alive|       Best|       Mean best| Exp so far|  W time|  rho|KenW|  Qvar|
+-+-----------+-----------+-----------+----------------+-----------+--------+-----+----+------+
|x|          7|         32|         43|    -172.7350000|         32|00:03:09|   NA|  NA|    NA|
|x|          1|         32|         33|    -173.2345000|         61|00:03:05|+1.00|1.00|0.0010|
|x|          3|         32|         45|    -138.0682333|         90|00:03:05|+0.25|0.50|0.7237|
|x|          5|         32|         33|    -132.2387500|        119|00:03:04|+0.25|0.44|0.7253|
|-|          4|         12|         33|    -125.7403400|        148|00:03:03|+0.10|0.28|0.8644|
|=|          2|         12|         33|    -133.9072833|        157|00:01:15|+0.13|0.28|0.8333|
|=|          6|         12|         33|    -137.5979571|        166|00:01:09|+0.13|0.25|0.8316|
|-|          8|          5|         33|    -132.7413375|        178|00:01:05|+0.09|0.20|0.7480|
+-+-----------+-----------+-----------+----------------+-----------+--------+-----+----+------+
Best-so-far configuration:          33    mean value:     -132.7413375
Description of the best-so-far configuration:
   .ID. population_size   pm elite_count max_error temperature_pert temperature_leap cooling_rate heat_rate iteraciones_max N_parents n_particiones .PARENT.
33   33              15 0.17          11        40           462.66          1195.12         0.89      1.68             135         3           124       NA

# 2024-12-14 23:55:59 -03: Elite configurations (first number is the configuration ID; listed from best to worst according to the sum of ranks):
   population_size   pm elite_count max_error temperature_pert temperature_leap cooling_rate heat_rate iteraciones_max N_parents n_particiones
33              15 0.17          11        40           462.66          1195.12         0.89      1.68             135         3           124
43              50 0.21          20        28           321.09           957.77         0.92      1.73             124         2            77
51              52 0.16          13        39           662.64           853.89         0.95      1.68             127         2           104
50              16 0.19           9        38           534.30          1171.45         0.86      1.28             417         2           110
59              22 0.08          10        42           466.04           940.16         0.88      1.99             237         1            50
# 2024-12-14 23:55:59 -03: Iteration 3 of 5
# experimentsUsedSoFar: 349
# remainingBudget: 651
# currentBudget: 217
# nbConfigurations: 28
# Markers:
     x No test is performed.
     c Configurations are discarded only due to capping.
     - The test is performed and some configurations are discarded.
     = The test is performed but no configuration is discarded.
     ! The test is performed and configurations could be discarded but elite configurations are preserved.
     . All alive configurations are elite and nothing is discarded

+-+-----------+-----------+-----------+----------------+-----------+--------+-----+----+------+
| |   Instance|      Alive|       Best|       Mean best| Exp so far|  W time|  rho|KenW|  Qvar|
+-+-----------+-----------+-----------+----------------+-----------+--------+-----+----+------+
|x|          9|         28|         51|    -98.74280000|         28|00:02:21|   NA|  NA|    NA|
|x|          8|         28|         68|    -97.24090000|         51|00:02:06|-0.21|0.40|1.1757|
|x|          2|         28|         68|    -124.0746000|         74|00:02:29|+0.04|0.36|0.9306|
|x|          3|         28|         51|    -113.7399250|         97|00:02:18|+0.18|0.38|0.8023|
|-|          6|         13|         51|    -126.7403400|        120|00:02:32|-0.00|0.20|0.9553|
|=|          7|         13|         51|    -128.0722833|        128|00:01:07|+0.01|0.17|0.9500|
|=|          1|         13|         51|    -129.0236714|        136|00:01:07|+0.06|0.20|0.9039|
|-|          4|          8|         33|    -130.6150125|        144|00:01:05|+0.02|0.14|0.8679|
|=|          5|          8|         33|    -127.1853778|        147|00:01:02|+0.04|0.15|0.8602|
|=|         10|          8|         33|    -130.4410400|        155|00:01:09|+0.07|0.16|0.8260|
+-+-----------+-----------+-----------+----------------+-----------+--------+-----+----+------+
Best-so-far configuration:          33    mean value:     -130.4410400
Description of the best-so-far configuration:
   .ID. population_size   pm elite_count max_error temperature_pert temperature_leap cooling_rate heat_rate iteraciones_max N_parents n_particiones .PARENT.
33   33              15 0.17          11        40           462.66          1195.12         0.89      1.68             135         3           124       NA

# 2024-12-15 00:13:21 -03: Elite configurations (first number is the configuration ID; listed from best to worst according to the sum of ranks):
   population_size   pm elite_count max_error temperature_pert temperature_leap cooling_rate heat_rate iteraciones_max N_parents n_particiones
33              15 0.17          11        40           462.66          1195.12         0.89      1.68             135         3           124
43              50 0.21          20        28           321.09           957.77         0.92      1.73             124         2            77
51              52 0.16          13        39           662.64           853.89         0.95      1.68             127         2           104
68              21 0.16          15        39           347.28          1116.55         0.96      1.78             100         3            81
50              16 0.19           9        38           534.30          1171.45         0.86      1.28             417         2           110
# 2024-12-15 00:13:21 -03: Iteration 4 of 5
# experimentsUsedSoFar: 504
# remainingBudget: 496
# currentBudget: 248
# nbConfigurations: 27
# Markers:
     x No test is performed.
     c Configurations are discarded only due to capping.
     - The test is performed and some configurations are discarded.
     = The test is performed but no configuration is discarded.
     ! The test is performed and configurations could be discarded but elite configurations are preserved.
     . All alive configurations are elite and nothing is discarded

+-+-----------+-----------+-----------+----------------+-----------+--------+-----+----+------+
| |   Instance|      Alive|       Best|       Mean best| Exp so far|  W time|  rho|KenW|  Qvar|
+-+-----------+-----------+-----------+----------------+-----------+--------+-----+----+------+
|x|         11|         27|         86|    -188.7420000|         27|00:02:26|   NA|  NA|    NA|
|x|          3|         27|         86|    -143.2403500|         49|00:02:08|+0.24|0.62|0.6678|
|x|          7|         27|         50|    -142.7402667|         71|00:02:08|+0.09|0.39|0.8356|
|x|          4|         27|         86|    -130.4877500|         93|00:02:04|+0.20|0.40|0.7476|
|-|          8|         13|         86|    -124.1395400|        115|00:02:04|+0.09|0.27|0.9565|
|=|          6|         13|         86|    -123.7389500|        123|00:01:11|+0.03|0.19|0.9766|
|=|          2|         13|         86|    -133.0251000|        131|00:01:15|+0.07|0.20|0.9313|
|=|          5|         13|         33|    -132.6173375|        139|00:01:07|+0.08|0.19|0.9063|
|-|          1|          9|         33|    -137.4080778|        147|00:01:07|-0.06|0.06|0.9501|
|=|         10|          9|         86|    -133.7393200|        151|00:01:07|-0.06|0.04|0.9349|
|=|          9|          9|         86|    -130.3761727|        155|00:01:02|-0.05|0.04|0.9288|
|=|         12|          9|         86|    -125.9898667|        164|00:01:05|-0.04|0.05|0.9263|
+-+-----------+-----------+-----------+----------------+-----------+--------+-----+----+------+
Best-so-far configuration:          86    mean value:     -125.9898667
Description of the best-so-far configuration:
   .ID. population_size   pm elite_count max_error temperature_pert temperature_leap cooling_rate heat_rate iteraciones_max N_parents n_particiones .PARENT.
86   86              24 0.16           9        45           381.66           1064.2         0.91      1.73             136         3           142       68

# 2024-12-15 00:32:11 -03: Elite configurations (first number is the configuration ID; listed from best to worst according to the sum of ranks):
    population_size   pm elite_count max_error temperature_pert temperature_leap cooling_rate heat_rate iteraciones_max N_parents n_particiones
86               24 0.16           9        45           381.66          1064.20         0.91      1.73             136         3           142
51               52 0.16          13        39           662.64           853.89         0.95      1.68             127         2           104
101              36 0.16          14        45           499.17          1149.54         0.94      1.67             136         2            55
104              18 0.19          18        37           487.09           949.76         0.95      1.75             145         3           132
33               15 0.17          11        40           462.66          1195.12         0.89      1.68             135         3           124
# 2024-12-15 00:32:11 -03: Iteration 5 of 5
# experimentsUsedSoFar: 668
# remainingBudget: 332
# currentBudget: 332
# nbConfigurations: 30
# Markers:
     x No test is performed.
     c Configurations are discarded only due to capping.
     - The test is performed and some configurations are discarded.
     = The test is performed but no configuration is discarded.
     ! The test is performed and configurations could be discarded but elite configurations are preserved.
     . All alive configurations are elite and nothing is discarded

+-+-----------+-----------+-----------+----------------+-----------+--------+-----+----+------+
| |   Instance|      Alive|       Best|       Mean best| Exp so far|  W time|  rho|KenW|  Qvar|
+-+-----------+-----------+-----------+----------------+-----------+--------+-----+----+------+
|x|         13|         30|        131|    -100.0000000|         30|00:03:05|   NA|  NA|    NA|
|x|          5|         30|        131|    -100.0000000|         55|00:02:07|+0.60|0.80|0.5164|
|x|          2|         30|        131|    -127.5806667|         80|00:02:12|+0.41|0.61|0.6201|
|x|          7|         30|        121|    -139.8062500|        105|00:02:06|+0.39|0.55|0.6110|
|-|         10|         13|        121|    -148.3934000|        130|00:02:08|-0.02|0.18|1.0051|
|=|          4|         13|        121|    -138.9509167|        138|00:01:03|-0.07|0.11|0.9897|
|=|          6|         13|        121|    -145.2067857|        146|00:01:09|-0.05|0.10|0.9704|
|=|         11|         13|        121|    -149.8985625|        154|00:01:05|-0.00|0.12|0.9244|
|=|          9|         13|        118|    -144.9623556|        162|00:01:03|+0.04|0.15|0.9054|
|=|          1|         13|        121|    -147.5672500|        170|00:01:03|+0.01|0.11|0.9227|
|=|          3|         13|        121|    -143.0381364|        178|00:01:05|+0.03|0.12|0.9200|
|=|          8|         13|        121|    -138.7631667|        186|00:01:03|+0.00|0.09|0.9186|
|=|         12|         13|        121|    -135.7813846|        194|00:01:03|+0.02|0.10|0.9148|
|=|         14|         13|        121|    -138.8496429|        207|00:01:03|+0.02|0.09|0.9164|
+-+-----------+-----------+-----------+----------------+-----------+--------+-----+----+------+
Best-so-far configuration:         121    mean value:     -138.8496429
Description of the best-so-far configuration:
    .ID. population_size   pm elite_count max_error temperature_pert temperature_leap cooling_rate heat_rate iteraciones_max N_parents n_particiones .PARENT.
121  121              32 0.15          14        45           488.96          1177.02         0.94      1.58             138         2           122      101

# 2024-12-15 00:53:32 -03: Elite configurations (first number is the configuration ID; listed from best to worst according to the sum of ranks):
    population_size   pm elite_count max_error temperature_pert temperature_leap cooling_rate heat_rate iteraciones_max N_parents n_particiones
121              32 0.15          14        45           488.96          1177.02         0.94      1.58             138         2           122
122              18 0.19          11        48           539.17           961.46         0.95      1.47             100         2            78
124              40 0.10          13        46           609.41          1124.90         0.93      1.80             123         2            68
118              38 0.16          17        33           421.24           891.93         0.95      1.74             143         2           129
131              12 0.14           7        43           441.77           974.95         0.93      1.64             222         3           146
# 2024-12-15 00:53:32 -03: Iteration 6 of 6
# experimentsUsedSoFar: 875
# remainingBudget: 125
# currentBudget: 125
# nbConfigurations: 13
# Markers:
     x No test is performed.
     c Configurations are discarded only due to capping.
     - The test is performed and some configurations are discarded.
     = The test is performed but no configuration is discarded.
     ! The test is performed and configurations could be discarded but elite configurations are preserved.
     . All alive configurations are elite and nothing is discarded

+-+-----------+-----------+-----------+----------------+-----------+--------+-----+----+------+
| |   Instance|      Alive|       Best|       Mean best| Exp so far|  W time|  rho|KenW|  Qvar|
+-+-----------+-----------+-----------+----------------+-----------+--------+-----+----+------+
|x|         15|         13|        121|    -100.0000000|         13|00:01:03|   NA|  NA|    NA|
|x|          9|         13|        134|    -100.0000000|         21|00:01:05|+0.20|0.60|0.9413|
|x|         10|         13|        135|    -129.2453333|         29|00:01:09|+0.37|0.58|0.7993|
|x|          5|         13|        135|    -121.9340000|         37|00:01:05|+0.41|0.56|0.6920|
|-|          2|          8|        135|    -134.6956000|         45|00:01:07|+0.03|0.22|0.9201|
|=|          4|          8|        135|    -128.3698000|         48|00:01:02|-0.03|0.14|0.9324|
|=|         14|          8|        135|    -134.9934000|         51|00:01:02|-0.07|0.08|0.9436|
|=|         13|          8|        135|    -130.6192250|         54|00:01:02|-0.05|0.08|0.9341|
|=|          3|          8|        135|    -127.2170889|         57|00:01:02|-0.00|0.11|0.9026|
|=|          6|          8|        135|    -133.2689800|         60|00:01:02|+0.02|0.12|0.8822|
|=|          8|          8|        135|    -129.9482364|         63|00:01:02|+0.01|0.10|0.8903|
|=|         11|          8|        135|    -134.5977167|         66|00:01:04|+0.02|0.10|0.8939|
|=|          7|          8|        135|    -137.7620462|         69|00:01:02|+0.00|0.08|0.8864|
|=|          1|          8|        135|    -140.4743286|         72|00:01:02|+0.00|0.07|0.8709|
|=|         12|          8|        135|    -137.7760400|         75|00:01:04|+0.01|0.07|0.8613|
|=|         16|          8|        135|    -140.7739125|         83|00:01:07|+0.02|0.08|0.8552|
+-+-----------+-----------+-----------+----------------+-----------+--------+-----+----+------+
Best-so-far configuration:         135    mean value:     -140.7739125
Description of the best-so-far configuration:
    .ID. population_size   pm elite_count max_error temperature_pert temperature_leap cooling_rate heat_rate iteraciones_max N_parents n_particiones .PARENT.
135  135              16 0.13          16        47           335.39          1092.27         0.94      1.69             134         2           120      121

# 2024-12-15 01:10:44 -03: Elite configurations (first number is the configuration ID; listed from best to worst according to the sum of ranks):
    population_size   pm elite_count max_error temperature_pert temperature_leap cooling_rate heat_rate iteraciones_max N_parents n_particiones
135              16 0.13          16        47           335.39          1092.27         0.94      1.69             134         2           120
118              38 0.16          17        33           421.24           891.93         0.95      1.74             143         2           129
121              32 0.15          14        45           488.96          1177.02         0.94      1.58             138         2           122
122              18 0.19          11        48           539.17           961.46         0.95      1.47             100         2            78
124              40 0.10          13        46           609.41          1124.90         0.93      1.80             123         2            68
# 2024-12-15 01:10:44 -03: Iteration 7 of 7
# experimentsUsedSoFar: 958
# remainingBudget: 42
# currentBudget: 42
# nbConfigurations: 7
# Markers:
     x No test is performed.
     c Configurations are discarded only due to capping.
     - The test is performed and some configurations are discarded.
     = The test is performed but no configuration is discarded.
     ! The test is performed and configurations could be discarded but elite configurations are preserved.
     . All alive configurations are elite and nothing is discarded

+-+-----------+-----------+-----------+----------------+-----------+--------+-----+----+------+
| |   Instance|      Alive|       Best|       Mean best| Exp so far|  W time|  rho|KenW|  Qvar|
+-+-----------+-----------+-----------+----------------+-----------+--------+-----+----+------+
|x|         17|          7|        118|    -188.7430000|          7|00:01:09|   NA|  NA|    NA|
|x|          4|          7|        118|    -142.7436000|          9|00:01:00|+0.00|0.50|0.8948|
|x|         16|          7|        118|    -159.0760667|         11|00:01:06|+0.31|0.54|0.5953|
|x|          5|          7|        118|    -144.2412250|         13|00:01:05|-0.06|0.20|0.8278|
|=|         12|          7|        135|    -134.0437600|         15|00:01:02|-0.09|0.13|0.8148|
|=|         10|          7|        135|    -142.9924667|         17|00:01:04|+0.03|0.19|0.7440|
|=|          3|          7|        135|    -136.8506857|         19|00:01:02|+0.01|0.15|0.8326|
|=|          6|          7|        135|    -143.2113500|         21|00:01:02|+0.08|0.20|0.7710|
|=|          1|          7|        135|    -146.8249778|         23|00:01:04|+0.01|0.12|0.7816|
|=|         13|          7|        135|    -142.1424800|         25|00:01:02|+0.02|0.12|0.8054|
|=|         15|          7|        135|    -138.3113455|         27|00:01:02|+0.03|0.12|0.7947|
|=|          2|          7|        135|    -142.2639000|         29|00:01:06|+0.06|0.14|0.7726|
|=|          7|          7|        135|    -144.8385231|         31|00:01:04|+0.04|0.11|0.7643|
|=|          9|          7|        135|    -141.6357714|         33|00:01:04|+0.07|0.14|0.7443|
|=|         14|          7|        135|    -143.8423867|         35|00:01:02|+0.06|0.13|0.7299|
|=|          8|          7|        135|    -140.8985375|         37|00:01:02|+0.04|0.10|0.7553|
|=|         11|          7|        135|    -143.5363882|         39|00:01:09|+0.06|0.11|0.7490|
+-+-----------+-----------+-----------+----------------+-----------+--------+-----+----+------+
Best-so-far configuration:         135    mean value:     -143.5363882
Description of the best-so-far configuration:
    .ID. population_size   pm elite_count max_error temperature_pert temperature_leap cooling_rate heat_rate iteraciones_max N_parents n_particiones .PARENT.
135  135              16 0.13          16        47           335.39          1092.27         0.94      1.69             134         2           120      121

# 2024-12-15 01:29:02 -03: Elite configurations (first number is the configuration ID; listed from best to worst according to the sum of ranks):
    population_size   pm elite_count max_error temperature_pert temperature_leap cooling_rate heat_rate iteraciones_max N_parents n_particiones
135              16 0.13          16        47           335.39          1092.27         0.94      1.69             134         2           120
142              40 0.09          14        50           674.50          1184.70         0.92      1.70             166         2            91
118              38 0.16          17        33           421.24           891.93         0.95      1.74             143         2           129
124              40 0.10          13        46           609.41          1124.90         0.93      1.80             123         2            68
121              32 0.15          14        45           488.96          1177.02         0.94      1.58             138         2           122
# 2024-12-15 01:29:02 -03: Stopped because there is not enough budget left to race more than the minimum (5)
# You may either increase the budget or set 'minNbSurvival' to a lower value
# Iteration: 8
# nbIterations: 8
# experimentsUsedSoFar: 997
# timeUsed: 0
# remainingBudget: 3
# currentBudget: 3
# number of elites: 5
# nbConfigurations: 4
# Total CPU user time: 61.898, CPU sys time: 54.858, Wall-clock time: 7785.306
# Best configurations (first number is the configuration ID; listed from best to worst according to the sum of ranks):
    population_size   pm elite_count max_error temperature_pert temperature_leap cooling_rate heat_rate iteraciones_max N_parents n_particiones
135              16 0.13          16        47           335.39          1092.27         0.94      1.69             134         2           120
142              40 0.09          14        50           674.50          1184.70         0.92      1.70             166         2            91
118              38 0.16          17        33           421.24           891.93         0.95      1.74             143         2           129
124              40 0.10          13        46           609.41          1124.90         0.93      1.80             123         2            68
121              32 0.15          14        45           488.96          1177.02         0.94      1.58             138         2           122
# Best configurations as commandlines (first number is the configuration ID; same order as above):
135  -pop_size 16 -pm 0.13 -elite 16 -max_error 47 -temp_pert 335.39 -temp_leap 1092.27 -cool_rate 0.94 -heat_rate 1.69 -iter_max 134 -N_parents 2 -n_part 120
142  -pop_size 40 -pm 0.09 -elite 14 -max_error 50 -temp_pert 674.5 -temp_leap 1184.7 -cool_rate 0.92 -heat_rate 1.7 -iter_max 166 -N_parents 2 -n_part 91
118  -pop_size 38 -pm 0.16 -elite 17 -max_error 33 -temp_pert 421.24 -temp_leap 891.93 -cool_rate 0.95 -heat_rate 1.74 -iter_max 143 -N_parents 2 -n_part 129
124  -pop_size 40 -pm 0.1 -elite 13 -max_error 46 -temp_pert 609.41 -temp_leap 1124.9 -cool_rate 0.93 -heat_rate 1.8 -iter_max 123 -N_parents 2 -n_part 68
121  -pop_size 32 -pm 0.15 -elite 14 -max_error 45 -temp_pert 488.96 -temp_leap 1177.02 -cool_rate 0.94 -heat_rate 1.58 -iter_max 138 -N_parents 2 -n_part 122


# Testing of elite configurations: 1 
# Testing iteration configurations: FALSE 
# 2024-12-15 01:29:02 -03: No test instances, skip testing
