#------------------------------------------------------------------------------
# irace: An implementation in R of (Elitist) Iterated Racing
# Version: 3.5.6863679
# Copyright (C) 2010-2020
# Manuel Lopez-Ibanez     <manuel.lopez-ibanez@manchester.ac.uk>
# Jeremie Dubois-Lacoste  
# Leslie Perez Caceres    <leslie.perez.caceres@ulb.ac.be>
#
# This is free software, and you are welcome to redistribute it under certain
# conditions.  See the GNU General Public License for details. There is NO
# WARRANTY; not even for MERCHANTABILITY or FITNESS FOR A PARTICULAR PURPOSE.
#
# irace builds upon previous code from the race package:
#     race: Racing methods for the selection of the best
#     Copyright (C) 2003 Mauro Birattari
#------------------------------------------------------------------------------
# installed at: /home/shared/sisadapt3/R/x86_64-pc-linux-gnu-library/3.6/irace
# called with: 
== irace == WARNING: A default scenario file '/home/shared/sisadapt3/tuning_random_greedy/scenario.txt' has been found and will be read.
batchmode 
sge,pbs,torque,slurm,htcondor 
# 2024-11-12 12:38:21 -03: Initialization
# Elitist race
# Elitist new instances: 1
# Elitist limit: 2
# nbIterations: 2
# minNbSurvival: 2
# nbParameters: 1
# seed: 484785892
# confidence level: 0.95
# budget: 1000
# mu: 5
# deterministic: FALSE

# 2024-11-12 12:38:21 -03: Iteration 1 of 2
# experimentsUsedSoFar: 0
# remainingBudget: 1000
# currentBudget: 500
# nbConfigurations: 83
# Markers:
     x No test is performed.
     c Configurations are discarded only due to capping.
     - The test is performed and some configurations are discarded.
     = The test is performed but no configuration is discarded.
     ! The test is performed and configurations could be discarded but elite configurations are preserved.
     . All alive configurations are elite and nothing is discarded

+-+-----------+-----------+-----------+----------------+-----------+--------+-----+----+------+
| |   Instance|      Alive|       Best|       Mean best| Exp so far|  W time|  rho|KenW|  Qvar|
+-+-----------+-----------+-----------+----------------+-----------+--------+-----+----+------+
|x|          1|         83|          3|    -12.00000000|         83|00:00:06|   NA|  NA|    NA|
|x|          2|         83|         20|    -6.000000000|        166|00:00:07|+0.05|0.52|0.8648|
|x|          3|         83|         43|    -3.000000000|        249|00:00:06|+0.07|0.38|0.8575|
|x|          4|         83|         20|    -5.000000000|        332|00:00:06|+0.04|0.28|0.9179|
|-|          5|         28|         20|    -4.400000000|        415|00:00:06|-0.04|0.17|1.0052|
|=|          6|         28|         20|    -3.666666667|        443|00:00:04|-0.04|0.14|0.9987|
|=|          7|         28|         20|    -4.571428571|        471|00:00:05|+0.03|0.17|0.9333|
+-+-----------+-----------+-----------+----------------+-----------+--------+-----+----+------+
Best-so-far configuration:          20    mean value:     -4.571428571
Description of the best-so-far configuration:
   .ID. alpha .PARENT.
20   20  0.73       NA

# 2024-11-12 12:39:04 -03: Elite configurations (first number is the configuration ID; listed from best to worst according to the sum of ranks):
   alpha
20  0.73
3   0.74
# 2024-11-12 12:39:04 -03: Iteration 2 of 2
# experimentsUsedSoFar: 471
# remainingBudget: 529
# currentBudget: 529
# nbConfigurations: 67
# Markers:
     x No test is performed.
     c Configurations are discarded only due to capping.
     - The test is performed and some configurations are discarded.
     = The test is performed but no configuration is discarded.
     ! The test is performed and configurations could be discarded but elite configurations are preserved.
     . All alive configurations are elite and nothing is discarded

+-+-----------+-----------+-----------+----------------+-----------+--------+-----+----+------+
| |   Instance|      Alive|       Best|       Mean best| Exp so far|  W time|  rho|KenW|  Qvar|
+-+-----------+-----------+-----------+----------------+-----------+--------+-----+----+------+
|x|          8|         67|         20|    -8.000000000|         67|00:00:06|   NA|  NA|    NA|
|x|          6|         67|         20|    -4.000000000|        132|00:00:06|+0.00|0.50|0.4925|
|x|          4|         67|         20|    -5.333333333|        197|00:00:06|+0.50|0.67|0.3284|
|x|          3|         67|         20|    -4.000000000|        262|00:00:06|+0.33|0.50|0.3284|
|-|          2|         27|         20|    -3.600000000|        327|00:00:06|+0.50|0.60|0.2889|
|=|          7|         27|         20|    -4.666666667|        352|00:00:05|+0.00|0.17|0.6420|
|=|          1|         27|         20|    -5.428571429|        377|00:00:05|-0.13|0.03|0.7795|
|=|          5|         27|         20|    -5.000000000|        402|00:00:03|-0.11|0.03|0.6706|
|=|          9|         27|         20|    -4.666666667|        429|00:00:05|-0.04|0.07|0.6687|
+-+-----------+-----------+-----------+----------------+-----------+--------+-----+----+------+
Best-so-far configuration:          20    mean value:     -4.666666667
Description of the best-so-far configuration:
   .ID. alpha .PARENT.
20   20  0.73       NA

# 2024-11-12 12:39:55 -03: Elite configurations (first number is the configuration ID; listed from best to worst according to the sum of ranks):
   alpha
20  0.73
3   0.74
# 2024-11-12 12:39:55 -03: Iteration 3 of 3
# experimentsUsedSoFar: 900
# remainingBudget: 100
# currentBudget: 100
# nbConfigurations: 11
# Markers:
     x No test is performed.
     c Configurations are discarded only due to capping.
     - The test is performed and some configurations are discarded.
     = The test is performed but no configuration is discarded.
     ! The test is performed and configurations could be discarded but elite configurations are preserved.
     . All alive configurations are elite and nothing is discarded

+-+-----------+-----------+-----------+----------------+-----------+--------+-----+----+------+
| |   Instance|      Alive|       Best|       Mean best| Exp so far|  W time|  rho|KenW|  Qvar|
+-+-----------+-----------+-----------+----------------+-----------+--------+-----+----+------+
|x|         10|         11|         20|    -2.000000000|         11|00:00:03|   NA|  NA|    NA|
|x|          3|         11|         20|    -1.000000000|         20|00:00:03|-0.39|0.30|1.2705|
|x|          4|         11|         20|    -3.333333333|         29|00:00:03|+0.17|0.45|0.7980|
|x|          7|         11|         20|    -5.000000000|         38|00:00:03|+0.26|0.44|0.7358|
|=|          6|         11|         20|    -4.000000000|         47|00:00:05|+0.11|0.29|0.8956|
|-|          1|          5|          3|    -5.333333333|         56|00:00:03|-0.05|0.13|0.7044|
|=|          5|          5|          3|    -4.857142857|         59|00:00:02|+0.04|0.18|0.6650|
|=|          2|          5|          3|    -4.375000000|         62|00:00:02|+0.14|0.24|0.6198|
|-|          9|          2|         20|    -4.000000000|         65|00:00:02|-0.10|0.02|0.3056|
|.|          8|          2|         20|    -4.400000000|         65|00:00:00|-0.04|0.07|0.3111|
+-+-----------+-----------+-----------+----------------+-----------+--------+-----+----+------+
Best-so-far configuration:          20    mean value:     -4.400000000
Description of the best-so-far configuration:
   .ID. alpha .PARENT.
20   20  0.73       NA

# 2024-11-12 12:40:27 -03: Elite configurations (first number is the configuration ID; listed from best to worst according to the sum of ranks):
   alpha
20  0.73
3   0.74
# 2024-11-12 12:40:27 -03: Iteration 4 of 4
# experimentsUsedSoFar: 965
# remainingBudget: 35
# currentBudget: 35
# nbConfigurations: 5
# Markers:
     x No test is performed.
     c Configurations are discarded only due to capping.
     - The test is performed and some configurations are discarded.
     = The test is performed but no configuration is discarded.
     ! The test is performed and configurations could be discarded but elite configurations are preserved.
     . All alive configurations are elite and nothing is discarded

+-+-----------+-----------+-----------+----------------+-----------+--------+-----+----+------+
| |   Instance|      Alive|       Best|       Mean best| Exp so far|  W time|  rho|KenW|  Qvar|
+-+-----------+-----------+-----------+----------------+-----------+--------+-----+----+------+
|x|         11|          5|        159|    -2.000000000|          5|00:00:02|   NA|  NA|    NA|
|x|          1|          5|          3|    -6.000000000|          8|00:00:02|-0.91|0.04|1.5387|
|x|          9|          5|        159|    -3.000000000|         11|00:00:04|-0.39|0.07|1.0177|
|x|          7|          5|          3|    -6.250000000|         14|00:00:02|-0.18|0.11|0.8760|
|=|          2|          5|         20|    -4.800000000|         17|00:00:02|-0.05|0.16|0.7435|
|=|          5|          5|         20|    -4.333333333|         20|00:00:02|+0.06|0.22|0.6660|
|=|          3|          5|         20|    -3.714285714|         23|00:00:04|+0.05|0.19|0.5900|
|=|          4|          5|         20|    -4.250000000|         26|00:00:02|+0.13|0.24|0.5718|
|=|          6|          5|         20|    -3.777777778|         29|00:00:02|+0.00|0.11|0.6739|
|=|          8|          5|         20|    -4.200000000|         32|00:00:02|+0.06|0.15|0.6537|
|=|         10|          5|         20|    -4.000000000|         35|00:00:04|+0.11|0.19|0.6206|
+-+-----------+-----------+-----------+----------------+-----------+--------+-----+----+------+
Best-so-far configuration:          20    mean value:     -4.000000000
Description of the best-so-far configuration:
   .ID. alpha .PARENT.
20   20  0.73       NA

# 2024-11-12 12:41:02 -03: Elite configurations (first number is the configuration ID; listed from best to worst according to the sum of ranks):
   alpha
20  0.73
3   0.74
# 2024-11-12 12:41:02 -03: Stopped because budget is exhausted
# Iteration: 5
# nbIterations: 4
# experimentsUsedSoFar: 1000
# timeUsed: 0
# remainingBudget: 0
# currentBudget: 35
# number of elites: 2
# nbConfigurations: 5
# Total CPU user time: 30.064, CPU sys time: 19.635, Wall-clock time: 161.458
# Best configurations (first number is the configuration ID; listed from best to worst according to the sum of ranks):
   alpha
20  0.73
3   0.74
# Best configurations as commandlines (first number is the configuration ID; same order as above):
20  -alpha 0.73
3   -alpha 0.74


# Testing of elite configurations: 1 
# Testing iteration configurations: FALSE 
# 2024-11-12 12:41:02 -03: No test instances, skip testing
