#------------------------------------------------------------------------------
# irace: An implementation in R of (Elitist) Iterated Racing
# Version: 3.5.6863679
# Copyright (C) 2010-2020
# Manuel Lopez-Ibanez     <manuel.lopez-ibanez@manchester.ac.uk>
# Jeremie Dubois-Lacoste  
# Leslie Perez Caceres    <leslie.perez.caceres@ulb.ac.be>
#
# This is free software, and you are welcome to redistribute it under certain
# conditions.  See the GNU General Public License for details. There is NO
# WARRANTY; not even for MERCHANTABILITY or FITNESS FOR A PARTICULAR PURPOSE.
#
# irace builds upon previous code from the race package:
#     race: Racing methods for the selection of the best
#     Copyright (C) 2003 Mauro Birattari
#------------------------------------------------------------------------------
# installed at: /home/shared/sisadapt3/R/x86_64-pc-linux-gnu-library/3.6/irace
# called with: 
== irace == WARNING: A default scenario file '/home/shared/sisadapt3/tuning_random_greedy/scenario.txt' has been found and will be read.
batchmode 
sge,pbs,torque,slurm,htcondor 
# 2024-11-12 12:35:29 -03: Initialization
# Elitist race
# Elitist new instances: 1
# Elitist limit: 2
# nbIterations: 2
# minNbSurvival: 2
# nbParameters: 1
# seed: 2947001
# confidence level: 0.95
# budget: 1000
# mu: 5
# deterministic: FALSE

# 2024-11-12 12:35:29 -03: Iteration 1 of 2
# experimentsUsedSoFar: 0
# remainingBudget: 1000
# currentBudget: 500
# nbConfigurations: 83
# Markers:
     x No test is performed.
     c Configurations are discarded only due to capping.
     - The test is performed and some configurations are discarded.
     = The test is performed but no configuration is discarded.
     ! The test is performed and configurations could be discarded but elite configurations are preserved.
     . All alive configurations are elite and nothing is discarded

+-+-----------+-----------+-----------+----------------+-----------+--------+-----+----+------+
| |   Instance|      Alive|       Best|       Mean best| Exp so far|  W time|  rho|KenW|  Qvar|
+-+-----------+-----------+-----------+----------------+-----------+--------+-----+----+------+
|x|          1|         83|          1|     0.000000000|         83|00:00:07|   NA|  NA|    NA|
|x|          2|         83|          1|     0.000000000|        166|00:00:06|+1.00|1.00|0.0000|
|x|          3|         83|          1|     0.000000000|        249|00:00:05|+1.00|1.00|0.0000|
|x|          4|         83|          1|     0.000000000|        332|00:00:06|+1.00|1.00|0.0000|
|=|          5|         83|          1|     0.000000000|        415|00:00:05|+1.00|1.00|0.0000|
|=|          6|         83|          1|     0.000000000|        498|00:00:06|+1.00|1.00|0.0000|
+-+-----------+-----------+-----------+----------------+-----------+--------+-----+----+------+
Best-so-far configuration:           1    mean value:      0.000000000
Description of the best-so-far configuration:
  .ID. alpha .PARENT.
1    1  0.87       NA

# 2024-11-12 12:36:08 -03: Elite configurations (first number is the configuration ID; listed from best to worst according to the sum of ranks):
  alpha
1  0.87
2  0.85
# 2024-11-12 12:36:08 -03: Iteration 2 of 2
# experimentsUsedSoFar: 498
# remainingBudget: 502
# currentBudget: 502
# nbConfigurations: 73
# Markers:
     x No test is performed.
     c Configurations are discarded only due to capping.
     - The test is performed and some configurations are discarded.
     = The test is performed but no configuration is discarded.
     ! The test is performed and configurations could be discarded but elite configurations are preserved.
     . All alive configurations are elite and nothing is discarded

+-+-----------+-----------+-----------+----------------+-----------+--------+-----+----+------+
| |   Instance|      Alive|       Best|       Mean best| Exp so far|  W time|  rho|KenW|  Qvar|
+-+-----------+-----------+-----------+----------------+-----------+--------+-----+----+------+
|x|          7|         73|          1|     0.000000000|         73|00:00:05|   NA|  NA|    NA|
|x|          3|         73|          1|     0.000000000|        144|00:00:05|+1.00|1.00|0.0000|
|x|          1|         73|          1|     0.000000000|        215|00:00:06|+1.00|1.00|0.0000|
|x|          4|         73|          1|     0.000000000|        286|00:00:06|+1.00|1.00|0.0000|
|=|          6|         73|          1|     0.000000000|        357|00:00:06|+1.00|1.00|0.0000|
|=|          5|         73|          1|     0.000000000|        428|00:00:05|+1.00|1.00|0.0000|
|=|          2|         73|          1|     0.000000000|        499|00:00:08|+1.00|1.00|0.0000|
+-+-----------+-----------+-----------+----------------+-----------+--------+-----+----+------+
Best-so-far configuration:           1    mean value:      0.000000000
Description of the best-so-far configuration:
  .ID. alpha .PARENT.
1    1  0.87       NA

# 2024-11-12 12:36:52 -03: Elite configurations (first number is the configuration ID; listed from best to worst according to the sum of ranks):
  alpha
1  0.87
2  0.85
# 2024-11-12 12:36:52 -03: Stopped because there is not enough budget left to race more than the minimum (2)
# You may either increase the budget or set 'minNbSurvival' to a lower value
# Iteration: 3
# nbIterations: 3
# experimentsUsedSoFar: 997
# timeUsed: 0
# remainingBudget: 3
# currentBudget: 3
# number of elites: 2
# nbConfigurations: 2
# Total CPU user time: 29.853, CPU sys time: 18.395, Wall-clock time: 83.225
# Best configurations (first number is the configuration ID; listed from best to worst according to the sum of ranks):
  alpha
1  0.87
2  0.85
# Best configurations as commandlines (first number is the configuration ID; same order as above):
1  -alpha 0.87
2  -alpha 0.85


# Testing of elite configurations: 1 
# Testing iteration configurations: FALSE 
# 2024-11-12 12:36:52 -03: No test instances, skip testing
