#------------------------------------------------------------------------------
# irace: An implementation in R of (Elitist) Iterated Racing
# Version: 3.5.6863679
# Copyright (C) 2010-2020
# Manuel Lopez-Ibanez     <manuel.lopez-ibanez@manchester.ac.uk>
# Jeremie Dubois-Lacoste  
# Leslie Perez Caceres    <leslie.perez.caceres@ulb.ac.be>
#
# This is free software, and you are welcome to redistribute it under certain
# conditions.  See the GNU General Public License for details. There is NO
# WARRANTY; not even for MERCHANTABILITY or FITNESS FOR A PARTICULAR PURPOSE.
#
# irace builds upon previous code from the race package:
#     race: Racing methods for the selection of the best
#     Copyright (C) 2003 Mauro Birattari
#------------------------------------------------------------------------------
# installed at: /home/shared/sisadapt3/R/x86_64-pc-linux-gnu-library/3.6/irace
# called with: 
== irace == WARNING: A default scenario file '/home/shared/sisadapt3/tuning_sim_annealing/scenario.txt' has been found and will be read.
batchmode 
sge,pbs,torque,slurm,htcondor 
# 2024-11-12 14:27:56 -03: Initialization
# Elitist race
# Elitist new instances: 1
# Elitist limit: 2
# nbIterations: 3
# minNbSurvival: 3
# nbParameters: 2
# seed: 1805748306
# confidence level: 0.95
# budget: 1000
# mu: 5
# deterministic: FALSE

# 2024-11-12 14:27:56 -03: Iteration 1 of 3
# experimentsUsedSoFar: 0
# remainingBudget: 1000
# currentBudget: 333
# nbConfigurations: 55
# Markers:
     x No test is performed.
     c Configurations are discarded only due to capping.
     - The test is performed and some configurations are discarded.
     = The test is performed but no configuration is discarded.
     ! The test is performed and configurations could be discarded but elite configurations are preserved.
     . All alive configurations are elite and nothing is discarded

+-+-----------+-----------+-----------+----------------+-----------+--------+-----+----+------+
| |   Instance|      Alive|       Best|       Mean best| Exp so far|  W time|  rho|KenW|  Qvar|
+-+-----------+-----------+-----------+----------------+-----------+--------+-----+----+------+
|x|          1|         55|         55|    -42.00000000|         55|00:04:04|   NA|  NA|    NA|
|x|          2|         55|         55|    -36.50000000|        110|00:04:04|+0.19|0.59|0.8454|
|x|          3|         55|         27|    -38.00000000|        165|00:04:04|+0.04|0.36|0.9514|
|x|          4|         55|         41|    -40.75000000|        220|00:04:04|+0.04|0.28|0.9610|
|=|          5|         55|         15|    -39.00000000|        275|00:04:04|+0.04|0.23|0.9583|
|=|          6|         55|         15|    -37.33333333|        330|00:04:06|+0.05|0.21|0.9515|
+-+-----------+-----------+-----------+----------------+-----------+--------+-----+----+------+
Best-so-far configuration:          15    mean value:     -37.33333333
Description of the best-so-far configuration:
   .ID. temperature cooling_rate .PARENT.
15   15         307         0.37       NA

# 2024-11-12 14:52:25 -03: Elite configurations (first number is the configuration ID; listed from best to worst according to the sum of ranks):
   temperature cooling_rate
15         307         0.37
54         601         0.95
41         673         0.57
# 2024-11-12 14:52:25 -03: Iteration 2 of 3
# experimentsUsedSoFar: 330
# remainingBudget: 670
# currentBudget: 335
# nbConfigurations: 50
# Markers:
     x No test is performed.
     c Configurations are discarded only due to capping.
     - The test is performed and some configurations are discarded.
     = The test is performed but no configuration is discarded.
     ! The test is performed and configurations could be discarded but elite configurations are preserved.
     . All alive configurations are elite and nothing is discarded

+-+-----------+-----------+-----------+----------------+-----------+--------+-----+----+------+
| |   Instance|      Alive|       Best|       Mean best| Exp so far|  W time|  rho|KenW|  Qvar|
+-+-----------+-----------+-----------+----------------+-----------+--------+-----+----+------+
|x|          7|         50|         56|    -38.00000000|         50|00:04:03|   NA|  NA|    NA|
|x|          3|         50|         90|    -41.50000000|         97|00:04:03|-0.08|0.46|1.0077|
|x|          2|         50|         90|    -37.33333333|        144|00:04:04|-0.01|0.33|0.9830|
|x|          4|         50|         15|    -40.25000000|        191|00:04:03|-0.01|0.24|0.9921|
|=|          6|         50|         15|    -38.00000000|        238|00:04:03|+0.02|0.22|0.9611|
|=|          1|         50|         15|    -37.33333333|        285|00:04:03|+0.03|0.19|0.9558|
|=|          5|         50|         15|    -36.71428571|        332|00:04:03|+0.04|0.18|0.9408|
+-+-----------+-----------+-----------+----------------+-----------+--------+-----+----+------+
Best-so-far configuration:          15    mean value:     -36.71428571
Description of the best-so-far configuration:
   .ID. temperature cooling_rate .PARENT.
15   15         307         0.37       NA

# 2024-11-12 15:20:50 -03: Elite configurations (first number is the configuration ID; listed from best to worst according to the sum of ranks):
   temperature cooling_rate
15         307         0.37
54         601         0.95
90         265         0.34
# 2024-11-12 15:20:50 -03: Iteration 3 of 3
# experimentsUsedSoFar: 662
# remainingBudget: 338
# currentBudget: 338
# nbConfigurations: 44
# Markers:
     x No test is performed.
     c Configurations are discarded only due to capping.
     - The test is performed and some configurations are discarded.
     = The test is performed but no configuration is discarded.
     ! The test is performed and configurations could be discarded but elite configurations are preserved.
     . All alive configurations are elite and nothing is discarded

+-+-----------+-----------+-----------+----------------+-----------+--------+-----+----+------+
| |   Instance|      Alive|       Best|       Mean best| Exp so far|  W time|  rho|KenW|  Qvar|
+-+-----------+-----------+-----------+----------------+-----------+--------+-----+----+------+
|x|          8|         44|        114|    -42.00000000|         44|00:04:03|   NA|  NA|    NA|
|x|          7|         44|         90|    -39.00000000|         85|00:03:05|+0.10|0.55|0.7811|
|x|          5|         44|         90|    -38.66666667|        126|00:03:02|+0.28|0.52|0.6685|
|x|          3|         44|         90|    -40.25000000|        167|00:03:03|+0.19|0.39|0.7717|
|=|          4|         44|         90|    -39.20000000|        208|00:03:03|+0.06|0.25|0.9161|
|=|          2|         44|         15|    -38.00000000|        249|00:03:06|+0.06|0.22|0.9205|
|-|          1|         16|         90|    -37.85714286|        290|00:03:03|+0.10|0.23|0.8621|
|=|          6|         16|         90|    -36.25000000|        303|00:01:03|+0.05|0.17|0.9101|
|-|          9|          9|         90|    -35.44444444|        319|00:02:02|+0.01|0.12|0.8986|
|=|         10|          9|         90|    -34.40000000|        328|00:01:01|-0.00|0.10|0.9027|
|=|         11|          9|         54|    -36.27272727|        337|00:01:03|+0.01|0.10|0.8989|
+-+-----------+-----------+-----------+----------------+-----------+--------+-----+----+------+
Best-so-far configuration:          54    mean value:     -36.27272727
Description of the best-so-far configuration:
   .ID. temperature cooling_rate .PARENT.
54   54         601         0.95       NA

# 2024-11-12 15:48:30 -03: Elite configurations (first number is the configuration ID; listed from best to worst according to the sum of ranks):
   temperature cooling_rate
54         601         0.95
15         307         0.37
90         265         0.34
# 2024-11-12 15:48:30 -03: Stopped because there is not enough budget left to race more than the minimum (3)
# You may either increase the budget or set 'minNbSurvival' to a lower value
# Iteration: 4
# nbIterations: 4
# experimentsUsedSoFar: 999
# timeUsed: 0
# remainingBudget: 1
# currentBudget: 1
# number of elites: 3
# nbConfigurations: 2
# Total CPU user time: 49.119, CPU sys time: 41.418, Wall-clock time: 4833.477
# Best configurations (first number is the configuration ID; listed from best to worst according to the sum of ranks):
   temperature cooling_rate
54         601         0.95
15         307         0.37
90         265         0.34
# Best configurations as commandlines (first number is the configuration ID; same order as above):
54  -temperature 601 -cooling_rate 0.95
15  -temperature 307 -cooling_rate 0.37
90  -temperature 265 -cooling_rate 0.34


# Testing of elite configurations: 1 
# Testing iteration configurations: FALSE 
# 2024-11-12 15:48:30 -03: No test instances, skip testing
