#------------------------------------------------------------------------------
# irace: An implementation in R of (Elitist) Iterated Racing
# Version: 3.5.6863679
# Copyright (C) 2010-2020
# Manuel Lopez-Ibanez     <manuel.lopez-ibanez@manchester.ac.uk>
# Jeremie Dubois-Lacoste  
# Leslie Perez Caceres    <leslie.perez.caceres@ulb.ac.be>
#
# This is free software, and you are welcome to redistribute it under certain
# conditions.  See the GNU General Public License for details. There is NO
# WARRANTY; not even for MERCHANTABILITY or FITNESS FOR A PARTICULAR PURPOSE.
#
# irace builds upon previous code from the race package:
#     race: Racing methods for the selection of the best
#     Copyright (C) 2003 Mauro Birattari
#------------------------------------------------------------------------------
# installed at: /home/shared/sisadapt3/R/x86_64-pc-linux-gnu-library/3.6/irace
# called with: 
== irace == WARNING: A default scenario file '/home/shared/sisadapt3/tuning_mh_poblacional/scenario.txt' has been found and will be read.
batchmode 
sge,pbs,torque,slurm,htcondor 
# 2024-11-15 14:10:28 -03: Initialization
# Elitist race
# Elitist new instances: 1
# Elitist limit: 2
# nbIterations: 4
# minNbSurvival: 4
# nbParameters: 6
# seed: 1378713653
# confidence level: 0.95
# budget: 1000
# mu: 5
# deterministic: FALSE

# 2024-11-15 14:10:28 -03: Iteration 1 of 4
# experimentsUsedSoFar: 0
# remainingBudget: 1000
# currentBudget: 250
# nbConfigurations: 41
# Markers:
     x No test is performed.
     c Configurations are discarded only due to capping.
     - The test is performed and some configurations are discarded.
     = The test is performed but no configuration is discarded.
     ! The test is performed and configurations could be discarded but elite configurations are preserved.
     . All alive configurations are elite and nothing is discarded

+-+-----------+-----------+-----------+----------------+-----------+--------+-----+----+------+
| |   Instance|      Alive|       Best|       Mean best| Exp so far|  W time|  rho|KenW|  Qvar|
+-+-----------+-----------+-----------+----------------+-----------+--------+-----+----+------+
Error: == irace == comando ejecutado ''/home/shared/sisadapt3/tuning_mh_poblacional/target-evaluator' 1 6 1443280516 /home/shared/sisadapt3/tuning_mh_poblacional/Instances/200-800-010.txt 41 1 2 3 4 5 6 7 8 9 10 11 12 13 14 15 16 17 18 19 20 21 22 23 24 25 26 27 28 29 30 31 32 33 34 35 36 37 38 39 40 41 2>&1' tiene estatus 1
== irace == The call to targetEvaluator was:
/home/shared/sisadapt3/tuning_mh_poblacional/target-evaluator 1 /home/shared/sisadapt3/tuning_mh_poblacional/target-evaluator 6 /home/shared/sisadapt3/tuning_mh_poblacional/target-evaluator 1443280516 /home/shared/sisadapt3/tuning_mh_poblacional/target-evaluator /home/shared/sisadapt3/tuning_mh_poblacional/Instances/200-800-010.txt /home/shared/sisadapt3/tuning_mh_poblacional/target-evaluator 41 /home/shared/sisadapt3/tuning_mh_poblacional/target-evaluator 1 2 3 4 5 6 7 8 9 10 11 12 13 14 15 16 17 18 19 20 21 22 23 24 25 26 27 28 29 30 31 32 33 34 35 36 37 38 39 40 41
== irace == The call to targetRunner was:
/home/shared/sisadapt3/tuning_mh_poblacional/target-runner-slurm 1 6 1443280516 /home/shared/sisadapt3/tuning_mh_poblacional/Instances/200-800-010.txt   -p 497 -pe 0.08 -pm 0.18 -rhoe 0.8 -X_INTVL 499 -X_NUMBER 5
== irace == The output was:
vie nov 15 17:11:13 UTC 2024: /home/shared/sisadapt3/tuning_mh_poblacional/target-evaluator: error: c1-6-1443280516.stdout: No such file or directory
== irace == This is not a bug in irace, but means that something failed when running the command(s) above or they were terminated before completion. Try to run the command(s) above from the execution directory '/home/shared/sisadapt3/tuning_mh_poblacional' to investigate the issue. See also Appendix B (targetRunner troubleshooting checklist) of the User Guide (https://cran.r-project.org/package=irace/vignettes/irace-package.pdf).
Ejecución interrumpida
#------------------------------------------------------------------------------
# irace: An implementation in R of (Elitist) Iterated Racing
# Version: 3.5.6863679
# Copyright (C) 2010-2020
# Manuel Lopez-Ibanez     <manuel.lopez-ibanez@manchester.ac.uk>
# Jeremie Dubois-Lacoste  
# Leslie Perez Caceres    <leslie.perez.caceres@ulb.ac.be>
#
# This is free software, and you are welcome to redistribute it under certain
# conditions.  See the GNU General Public License for details. There is NO
# WARRANTY; not even for MERCHANTABILITY or FITNESS FOR A PARTICULAR PURPOSE.
#
# irace builds upon previous code from the race package:
#     race: Racing methods for the selection of the best
#     Copyright (C) 2003 Mauro Birattari
#------------------------------------------------------------------------------
# installed at: /home/shared/sisadapt3/R/x86_64-pc-linux-gnu-library/3.6/irace
# called with: 
== irace == WARNING: A default scenario file '/home/shared/sisadapt3/tuning_mh_poblacional/scenario.txt' has been found and will be read.
batchmode 
sge,pbs,torque,slurm,htcondor 
# 2024-11-15 14:14:33 -03: Initialization
# Elitist race
# Elitist new instances: 1
# Elitist limit: 2
# nbIterations: 4
# minNbSurvival: 4
# nbParameters: 6
# seed: 223725484
# confidence level: 0.95
# budget: 1000
# mu: 5
# deterministic: FALSE

# 2024-11-15 14:14:33 -03: Iteration 1 of 4
# experimentsUsedSoFar: 0
# remainingBudget: 1000
# currentBudget: 250
# nbConfigurations: 41
# Markers:
     x No test is performed.
     c Configurations are discarded only due to capping.
     - The test is performed and some configurations are discarded.
     = The test is performed but no configuration is discarded.
     ! The test is performed and configurations could be discarded but elite configurations are preserved.
     . All alive configurations are elite and nothing is discarded

+-+-----------+-----------+-----------+----------------+-----------+--------+-----+----+------+
| |   Instance|      Alive|       Best|       Mean best| Exp so far|  W time|  rho|KenW|  Qvar|
+-+-----------+-----------+-----------+----------------+-----------+--------+-----+----+------+
|x|          1|         41|          1|    -100.0000000|         41|00:03:41|   NA|  NA|    NA|
|x|          2|         41|          1|    -100.0000000|         82|00:04:02|+1.00|1.00|0.0000|
|x|          3|         41|          1|    -133.3333333|        123|00:04:00|+0.00|0.33|0.3252|
|x|          4|         41|          2|    -150.0000000|        164|00:04:00|+0.21|0.41|0.3734|
|-|          5|         26|          2|    -160.0000000|        205|00:04:00|+0.13|0.30|0.4878|
|=|          6|         26|          2|    -150.0000000|        231|00:02:31|+0.10|0.25|0.4214|
+-+-----------+-----------+-----------+----------------+-----------+--------+-----+----+------+
Best-so-far configuration:           2    mean value:     -150.0000000
Description of the best-so-far configuration:
  .ID.   p   pe   pm rhoe X_INTVL X_NUMBER .PARENT.
2    2 453 0.07 0.19 0.67     382        9       NA

# 2024-11-15 14:36:50 -03: Elite configurations (first number is the configuration ID; listed from best to worst according to the sum of ranks):
     p   pe   pm rhoe X_INTVL X_NUMBER
2  453 0.07 0.19 0.67     382        9
3  245 0.20 0.16 0.70     393        5
7  322 0.10 0.15 0.72     190        8
24 266 0.21 0.05 0.58      69        3
# 2024-11-15 14:36:50 -03: Iteration 2 of 4
# experimentsUsedSoFar: 231
# remainingBudget: 769
# currentBudget: 256
# nbConfigurations: 40
# Markers:
     x No test is performed.
     c Configurations are discarded only due to capping.
     - The test is performed and some configurations are discarded.
     = The test is performed but no configuration is discarded.
     ! The test is performed and configurations could be discarded but elite configurations are preserved.
     . All alive configurations are elite and nothing is discarded

+-+-----------+-----------+-----------+----------------+-----------+--------+-----+----+------+
| |   Instance|      Alive|       Best|       Mean best| Exp so far|  W time|  rho|KenW|  Qvar|
+-+-----------+-----------+-----------+----------------+-----------+--------+-----+----+------+
|x|          7|         40|          2|    -100.0000000|         40|00:03:58|   NA|  NA|    NA|
|x|          2|         40|          2|    -100.0000000|         76|00:03:05|+1.00|1.00|0.0000|
|x|          5|         40|          2|    -133.3333333|        112|00:03:06|+0.00|0.33|0.3250|
|x|          1|         40|          2|    -125.0000000|        148|00:03:04|+0.00|0.25|0.2437|
|-|          3|         32|          2|    -140.0000000|        184|00:03:04|+0.04|0.24|0.3871|
|-|          4|         28|          2|    -150.0000000|        212|00:02:05|+0.02|0.18|0.4828|
|=|          6|         28|          2|    -142.8571429|        236|00:02:04|+0.02|0.16|0.4137|
+-+-----------+-----------+-----------+----------------+-----------+--------+-----+----+------+
Best-so-far configuration:           2    mean value:     -142.8571429
Description of the best-so-far configuration:
  .ID.   p   pe   pm rhoe X_INTVL X_NUMBER .PARENT.
2    2 453 0.07 0.19 0.67     382        9       NA

# 2024-11-15 14:57:20 -03: Elite configurations (first number is the configuration ID; listed from best to worst according to the sum of ranks):
     p   pe   pm rhoe X_INTVL X_NUMBER
2  453 0.07 0.19 0.67     382        9
3  245 0.20 0.16 0.70     393        5
7  322 0.10 0.15 0.72     190        8
24 266 0.21 0.05 0.58      69        3
# 2024-11-15 14:57:20 -03: Iteration 3 of 4
# experimentsUsedSoFar: 467
# remainingBudget: 533
# currentBudget: 266
# nbConfigurations: 36
# Markers:
     x No test is performed.
     c Configurations are discarded only due to capping.
     - The test is performed and some configurations are discarded.
     = The test is performed but no configuration is discarded.
     ! The test is performed and configurations could be discarded but elite configurations are preserved.
     . All alive configurations are elite and nothing is discarded

+-+-----------+-----------+-----------+----------------+-----------+--------+-----+----+------+
| |   Instance|      Alive|       Best|       Mean best| Exp so far|  W time|  rho|KenW|  Qvar|
+-+-----------+-----------+-----------+----------------+-----------+--------+-----+----+------+
|x|          8|         36|          2|    -200.0000000|         36|00:03:06|   NA|  NA|    NA|
|x|          5|         36|          2|    -200.0000000|         68|00:03:06|+1.00|1.00|0.0000|
|x|          3|         36|          2|    -200.0000000|        100|00:03:04|+0.59|0.73|0.4086|
|x|          6|         36|          2|    -175.0000000|        132|00:03:03|+0.39|0.55|0.4473|
|-|          4|         30|          2|    -180.0000000|        164|00:03:06|-0.01|0.19|0.3915|
|=|          2|         30|          2|    -166.6666667|        190|00:02:03|-0.01|0.16|0.3254|
|=|          1|         30|          2|    -157.1428571|        216|00:02:04|-0.01|0.14|0.2785|
|=|          7|         30|          2|    -150.0000000|        242|00:02:05|-0.01|0.12|0.2434|
+-+-----------+-----------+-----------+----------------+-----------+--------+-----+----+------+
Best-so-far configuration:           2    mean value:     -150.0000000
Description of the best-so-far configuration:
  .ID.   p   pe   pm rhoe X_INTVL X_NUMBER .PARENT.
2    2 453 0.07 0.19 0.67     382        9       NA

# 2024-11-15 15:19:00 -03: Elite configurations (first number is the configuration ID; listed from best to worst according to the sum of ranks):
     p   pe   pm rhoe X_INTVL X_NUMBER
2  453 0.07 0.19 0.67     382        9
3  245 0.20 0.16 0.70     393        5
7  322 0.10 0.15 0.72     190        8
24 266 0.21 0.05 0.58      69        3
# 2024-11-15 15:19:00 -03: Iteration 4 of 4
# experimentsUsedSoFar: 709
# remainingBudget: 291
# currentBudget: 291
# nbConfigurations: 35
# Markers:
     x No test is performed.
     c Configurations are discarded only due to capping.
     - The test is performed and some configurations are discarded.
     = The test is performed but no configuration is discarded.
     ! The test is performed and configurations could be discarded but elite configurations are preserved.
     . All alive configurations are elite and nothing is discarded

+-+-----------+-----------+-----------+----------------+-----------+--------+-----+----+------+
| |   Instance|      Alive|       Best|       Mean best| Exp so far|  W time|  rho|KenW|  Qvar|
+-+-----------+-----------+-----------+----------------+-----------+--------+-----+----+------+
|x|          9|         35|          2|    -200.0000000|         35|00:03:03|   NA|  NA|    NA|
|x|          6|         35|          2|    -150.0000000|         66|00:03:06|+0.00|0.50|0.4857|
|x|          8|         35|          2|    -166.6666667|         97|00:03:04|+0.16|0.44|0.4924|
|x|          5|         35|          2|    -175.0000000|        128|00:03:04|+0.29|0.47|0.4211|
|-|          7|         34|          2|    -160.0000000|        159|00:03:03|-0.01|0.19|0.3931|
|-|          4|         31|          2|    -166.6666667|        189|00:03:04|-0.01|0.16|0.3275|
|=|          1|         31|          2|    -157.1428571|        216|00:02:02|-0.01|0.13|0.2800|
|=|          3|         31|          2|    -162.5000000|        243|00:02:05|+0.03|0.15|0.3336|
|=|          2|         31|          2|    -155.5555556|        270|00:02:02|+0.03|0.13|0.2998|
+-+-----------+-----------+-----------+----------------+-----------+--------+-----+----+------+
Best-so-far configuration:           2    mean value:     -155.5555556
Description of the best-so-far configuration:
  .ID.   p   pe   pm rhoe X_INTVL X_NUMBER .PARENT.
2    2 453 0.07 0.19 0.67     382        9       NA

# 2024-11-15 15:43:37 -03: Elite configurations (first number is the configuration ID; listed from best to worst according to the sum of ranks):
     p   pe   pm rhoe X_INTVL X_NUMBER
2  453 0.07 0.19 0.67     382        9
3  245 0.20 0.16 0.70     393        5
7  322 0.10 0.15 0.72     190        8
24 266 0.21 0.05 0.58      69        3
# 2024-11-15 15:43:37 -03: Iteration 5 of 5
# experimentsUsedSoFar: 979
# remainingBudget: 21
# currentBudget: 21
# nbConfigurations: 5
# Markers:
     x No test is performed.
     c Configurations are discarded only due to capping.
     - The test is performed and some configurations are discarded.
     = The test is performed but no configuration is discarded.
     ! The test is performed and configurations could be discarded but elite configurations are preserved.
     . All alive configurations are elite and nothing is discarded

+-+-----------+-----------+-----------+----------------+-----------+--------+-----+----+------+
| |   Instance|      Alive|       Best|       Mean best| Exp so far|  W time|  rho|KenW|  Qvar|
+-+-----------+-----------+-----------+----------------+-----------+--------+-----+----+------+
|x|         10|          5|          2|    -100.0000000|          5|00:01:02|   NA|  NA|    NA|
|x|          6|          5|          2|    -100.0000000|          6|00:01:02|+1.00|1.00|0.0000|
|x|          5|          5|          2|    -133.3333333|          7|00:01:02|+1.00|1.00|0.0000|
|x|          4|          5|          2|    -150.0000000|          8|00:01:02|+1.00|1.00|0.0000|
|=|          1|          5|          2|    -140.0000000|          9|00:01:00|+1.00|1.00|0.0000|
|=|          7|          5|          2|    -133.3333333|         10|00:01:02|+1.00|1.00|0.0000|
|=|          8|          5|          2|    -142.8571429|         11|00:01:02|+1.00|1.00|0.0000|
|=|          3|          5|          2|    -150.0000000|         12|00:01:02|+1.00|1.00|0.0000|
|=|          9|          5|          2|    -155.5555556|         13|00:01:00|+1.00|1.00|0.0000|
|=|          2|          5|          2|    -150.0000000|         14|00:01:02|+1.00|1.00|0.0000|
|=|         11|          5|          2|    -154.5454545|         19|00:01:02|+1.00|1.00|0.0000|
+-+-----------+-----------+-----------+----------------+-----------+--------+-----+----+------+
Best-so-far configuration:           2    mean value:     -154.5454545
Description of the best-so-far configuration:
  .ID.   p   pe   pm rhoe X_INTVL X_NUMBER .PARENT.
2    2 453 0.07 0.19 0.67     382        9       NA

# 2024-11-15 15:55:04 -03: Elite configurations (first number is the configuration ID; listed from best to worst according to the sum of ranks):
     p   pe   pm rhoe X_INTVL X_NUMBER
2  453 0.07 0.19 0.67     382        9
3  245 0.20 0.16 0.70     393        5
7  322 0.10 0.15 0.72     190        8
24 266 0.21 0.05 0.58      69        3
# 2024-11-15 15:55:04 -03: Stopped because there is not enough budget left to race more than the minimum (4)
# You may either increase the budget or set 'minNbSurvival' to a lower value
# Iteration: 6
# nbIterations: 6
# experimentsUsedSoFar: 998
# timeUsed: 0
# remainingBudget: 2
# currentBudget: 2
# number of elites: 4
# nbConfigurations: 3
# Total CPU user time: 54.366, CPU sys time: 46.375, Wall-clock time: 6030.665
# Best configurations (first number is the configuration ID; listed from best to worst according to the sum of ranks):
     p   pe   pm rhoe X_INTVL X_NUMBER
2  453 0.07 0.19 0.67     382        9
3  245 0.20 0.16 0.70     393        5
7  322 0.10 0.15 0.72     190        8
24 266 0.21 0.05 0.58      69        3
# Best configurations as commandlines (first number is the configuration ID; same order as above):
2   -p 453 -pe 0.07 -pm 0.19 -rhoe 0.67 -X_INTVL 382 -X_NUMBER 9
3   -p 245 -pe 0.2 -pm 0.16 -rhoe 0.7 -X_INTVL 393 -X_NUMBER 5
7   -p 322 -pe 0.1 -pm 0.15 -rhoe 0.72 -X_INTVL 190 -X_NUMBER 8
24  -p 266 -pe 0.21 -pm 0.05 -rhoe 0.58 -X_INTVL 69 -X_NUMBER 3


# Testing of elite configurations: 1 
# Testing iteration configurations: FALSE 
# 2024-11-15 15:55:04 -03: No test instances, skip testing
