#------------------------------------------------------------------------------
# irace: An implementation in R of (Elitist) Iterated Racing
# Version: 3.5.6863679
# Copyright (C) 2010-2020
# Manuel Lopez-Ibanez     <manuel.lopez-ibanez@manchester.ac.uk>
# Jeremie Dubois-Lacoste  
# Leslie Perez Caceres    <leslie.perez.caceres@ulb.ac.be>
#
# This is free software, and you are welcome to redistribute it under certain
# conditions.  See the GNU General Public License for details. There is NO
# WARRANTY; not even for MERCHANTABILITY or FITNESS FOR A PARTICULAR PURPOSE.
#
# irace builds upon previous code from the race package:
#     race: Racing methods for the selection of the best
#     Copyright (C) 2003 Mauro Birattari
#------------------------------------------------------------------------------
# installed at: /home/shared/sisadapt3/R/x86_64-pc-linux-gnu-library/3.6/irace
# called with: 
== irace == WARNING: A default scenario file '/home/shared/sisadapt3/tuning_mh_poblacional/scenario.txt' has been found and will be read.
batchmode 
sge,pbs,torque,slurm,htcondor 
# 2024-11-15 16:12:54 -03: Initialization
# Elitist race
# Elitist new instances: 1
# Elitist limit: 2
# nbIterations: 4
# minNbSurvival: 4
# nbParameters: 6
# seed: 461490983
# confidence level: 0.95
# budget: 1000
# mu: 5
# deterministic: FALSE

# 2024-11-15 16:12:54 -03: Iteration 1 of 4
# experimentsUsedSoFar: 0
# remainingBudget: 1000
# currentBudget: 250
# nbConfigurations: 41
# Markers:
     x No test is performed.
     c Configurations are discarded only due to capping.
     - The test is performed and some configurations are discarded.
     = The test is performed but no configuration is discarded.
     ! The test is performed and configurations could be discarded but elite configurations are preserved.
     . All alive configurations are elite and nothing is discarded

+-+-----------+-----------+-----------+----------------+-----------+--------+-----+----+------+
| |   Instance|      Alive|       Best|       Mean best| Exp so far|  W time|  rho|KenW|  Qvar|
+-+-----------+-----------+-----------+----------------+-----------+--------+-----+----+------+
|x|          1|         41|          1|    -50.00000000|         41|00:03:08|   NA|  NA|    NA|
|x|          2|         41|          1|    -39.00000000|         82|00:03:06|+0.84|0.92|0.1690|
|x|          3|         41|          1|    -37.00000000|        123|00:03:04|+0.73|0.82|0.2232|
|x|          4|         41|          1|    -49.00000000|        164|00:03:04|+0.63|0.72|0.3421|
|-|          5|          6|          1|    -48.20000000|        205|00:03:04|+0.55|0.64|0.4498|
|-|          6|          4|          1|    -51.00000000|        211|00:01:01|+0.03|0.19|0.7787|
+-+-----------+-----------+-----------+----------------+-----------+--------+-----+----+------+
Best-so-far configuration:           1    mean value:     -51.00000000
Description of the best-so-far configuration:
  .ID.   p  pe   pm rhoe X_INTVL X_NUMBER .PARENT.
1    1 204 0.3 0.05  0.5     384        6       NA

# 2024-11-15 16:29:24 -03: Elite configurations (first number is the configuration ID; listed from best to worst according to the sum of ranks):
     p   pe   pm rhoe X_INTVL X_NUMBER
1  204 0.30 0.05 0.50     384        6
23 404 0.29 0.07 0.70     190       10
37 254 0.19 0.06 0.55     378        8
6  372 0.18 0.07 0.64     303        3
# 2024-11-15 16:29:24 -03: Iteration 2 of 4
# experimentsUsedSoFar: 211
# remainingBudget: 789
# currentBudget: 263
# nbConfigurations: 41
# Markers:
     x No test is performed.
     c Configurations are discarded only due to capping.
     - The test is performed and some configurations are discarded.
     = The test is performed but no configuration is discarded.
     ! The test is performed and configurations could be discarded but elite configurations are preserved.
     . All alive configurations are elite and nothing is discarded

+-+-----------+-----------+-----------+----------------+-----------+--------+-----+----+------+
| |   Instance|      Alive|       Best|       Mean best| Exp so far|  W time|  rho|KenW|  Qvar|
+-+-----------+-----------+-----------+----------------+-----------+--------+-----+----+------+
|x|          7|         41|         62|    -70.00000000|         41|00:03:04|   NA|  NA|    NA|
|x|          3|         41|         50|    -52.00000000|         78|00:03:04|+0.52|0.76|0.3977|
|x|          1|         41|         50|    -48.33333333|        115|00:03:04|+0.48|0.65|0.4871|
|x|          6|         41|         50|    -53.25000000|        152|00:03:02|+0.53|0.65|0.4366|
|-|          2|         15|          1|    -48.20000000|        189|00:03:06|+0.00|0.20|0.8989|
|=|          5|         15|         50|    -46.50000000|        200|00:01:03|+0.02|0.19|0.8778|
|=|          4|         15|         50|    -52.57142857|        211|00:01:03|+0.06|0.20|0.8272|
|-|          8|         11|         50|    -57.12500000|        226|00:02:04|-0.05|0.08|0.9284|
|=|          9|         11|         50|    -54.77777778|        237|00:01:05|-0.01|0.10|0.9086|
|=|         10|         11|         50|    -53.40000000|        248|00:01:03|-0.04|0.07|0.9214|
+-+-----------+-----------+-----------+----------------+-----------+--------+-----+----+------+
Best-so-far configuration:          50    mean value:     -53.40000000
Description of the best-so-far configuration:
   .ID.   p   pe   pm rhoe X_INTVL X_NUMBER .PARENT.
50   50 342 0.28 0.07 0.58     373        2        1

# 2024-11-15 16:51:07 -03: Elite configurations (first number is the configuration ID; listed from best to worst according to the sum of ranks):
     p   pe   pm rhoe X_INTVL X_NUMBER
50 342 0.28 0.07 0.58     373        2
75 344 0.22 0.09 0.50     331        9
69 387 0.23 0.07 0.65     407       10
78 303 0.23 0.06 0.52     388        7
# 2024-11-15 16:51:07 -03: Iteration 3 of 4
# experimentsUsedSoFar: 459
# remainingBudget: 541
# currentBudget: 270
# nbConfigurations: 28
# Markers:
     x No test is performed.
     c Configurations are discarded only due to capping.
     - The test is performed and some configurations are discarded.
     = The test is performed but no configuration is discarded.
     ! The test is performed and configurations could be discarded but elite configurations are preserved.
     . All alive configurations are elite and nothing is discarded

+-+-----------+-----------+-----------+----------------+-----------+--------+-----+----+------+
| |   Instance|      Alive|       Best|       Mean best| Exp so far|  W time|  rho|KenW|  Qvar|
+-+-----------+-----------+-----------+----------------+-----------+--------+-----+----+------+
|x|         11|         28|         99|    -53.00000000|         28|00:02:02|   NA|  NA|    NA|
|x|         10|         28|         80|    -50.50000000|         52|00:02:07|+0.19|0.59|0.8325|
|x|          1|         28|         80|    -50.33333333|         76|00:02:07|+0.46|0.64|0.5540|
|x|          5|         28|         80|    -50.50000000|        100|00:02:05|+0.47|0.60|0.5472|
|-|          4|         12|         92|    -56.20000000|        124|00:02:03|+0.16|0.33|0.8230|
|=|          6|         12|         92|    -57.33333333|        132|00:01:03|+0.00|0.17|0.9644|
|=|          7|         12|         95|    -56.85714286|        140|00:01:03|-0.03|0.12|0.9858|
|=|          2|         12|         80|    -53.50000000|        148|00:01:03|-0.03|0.10|0.9801|
|=|          9|         12|         80|    -51.44444444|        156|00:01:03|-0.04|0.08|0.9719|
|=|          8|         12|         92|    -55.50000000|        164|00:01:01|-0.02|0.08|0.9626|
|=|          3|         12|         92|    -53.63636364|        172|00:01:03|-0.01|0.08|0.9485|
|=|         12|         12|         92|    -51.00000000|        184|00:01:03|-0.00|0.08|0.9371|
+-+-----------+-----------+-----------+----------------+-----------+--------+-----+----+------+
Best-so-far configuration:          92    mean value:     -51.00000000
Description of the best-so-far configuration:
   .ID.   p   pe   pm rhoe X_INTVL X_NUMBER .PARENT.
92   92 242 0.29 0.08 0.55     474        1       50

# 2024-11-15 17:08:54 -03: Elite configurations (first number is the configuration ID; listed from best to worst according to the sum of ranks):
     p   pe   pm rhoe X_INTVL X_NUMBER
92 242 0.29 0.08 0.55     474        1
80 266 0.20 0.05 0.53     289        7
50 342 0.28 0.07 0.58     373        2
88 255 0.20 0.09 0.55     328       10
# 2024-11-15 17:08:54 -03: Iteration 4 of 4
# experimentsUsedSoFar: 643
# remainingBudget: 357
# currentBudget: 357
# nbConfigurations: 31
# Markers:
     x No test is performed.
     c Configurations are discarded only due to capping.
     - The test is performed and some configurations are discarded.
     = The test is performed but no configuration is discarded.
     ! The test is performed and configurations could be discarded but elite configurations are preserved.
     . All alive configurations are elite and nothing is discarded

+-+-----------+-----------+-----------+----------------+-----------+--------+-----+----+------+
| |   Instance|      Alive|       Best|       Mean best| Exp so far|  W time|  rho|KenW|  Qvar|
+-+-----------+-----------+-----------+----------------+-----------+--------+-----+----+------+
|x|         13|         31|        105|    -53.00000000|         31|00:03:03|   NA|  NA|    NA|
|x|          8|         31|        105|    -72.00000000|         58|00:02:03|+0.65|0.83|0.2567|
|x|         10|         31|        105|    -63.33333333|         85|00:02:05|+0.36|0.58|0.6204|
|x|          4|         31|        105|    -70.25000000|        112|00:02:03|+0.47|0.60|0.5170|
|-|          1|         12|        105|    -65.40000000|        139|00:02:05|+0.10|0.28|0.8024|
|-|         11|          7|        105|    -63.33333333|        147|00:01:03|+0.30|0.41|0.6473|
|=|          9|          7|        105|    -59.14285714|        150|00:01:02|+0.13|0.25|0.7721|
|-|          5|          6|        105|    -58.37500000|        153|00:01:02|+0.20|0.30|0.7327|
|=|          3|          6|        105|    -55.66666667|        155|00:01:02|+0.06|0.17|0.8293|
|=|          6|          6|        105|    -56.70000000|        157|00:01:02|+0.01|0.11|0.8471|
|=|         12|          6|        105|    -53.45454545|        159|00:01:02|+0.01|0.10|0.8485|
|=|          7|          6|        105|    -54.50000000|        161|00:01:02|-0.01|0.07|0.8565|
|=|          2|          6|        105|    -51.92307692|        163|00:01:02|-0.01|0.07|0.8568|
|=|         14|          6|        105|    -51.50000000|        169|00:01:05|+0.02|0.09|0.8365|
+-+-----------+-----------+-----------+----------------+-----------+--------+-----+----+------+
Best-so-far configuration:         105    mean value:     -51.50000000
Description of the best-so-far configuration:
    .ID.   p   pe   pm rhoe X_INTVL X_NUMBER .PARENT.
105  105 317 0.27 0.06 0.58     374        3       50

# 2024-11-15 17:29:43 -03: Elite configurations (first number is the configuration ID; listed from best to worst according to the sum of ranks):
      p   pe   pm rhoe X_INTVL X_NUMBER
105 317 0.27 0.06 0.58     374        3
80  266 0.20 0.05 0.53     289        7
104 284 0.27 0.06 0.52     348        7
92  242 0.29 0.08 0.55     474        1
# 2024-11-15 17:29:43 -03: Iteration 5 of 5
# experimentsUsedSoFar: 812
# remainingBudget: 188
# currentBudget: 188
# nbConfigurations: 16
# Markers:
     x No test is performed.
     c Configurations are discarded only due to capping.
     - The test is performed and some configurations are discarded.
     = The test is performed but no configuration is discarded.
     ! The test is performed and configurations could be discarded but elite configurations are preserved.
     . All alive configurations are elite and nothing is discarded

+-+-----------+-----------+-----------+----------------+-----------+--------+-----+----+------+
| |   Instance|      Alive|       Best|       Mean best| Exp so far|  W time|  rho|KenW|  Qvar|
+-+-----------+-----------+-----------+----------------+-----------+--------+-----+----+------+
|x|         15|         16|        139|    -69.00000000|         16|00:02:02|   NA|  NA|    NA|
|x|         13|         16|        105|    -59.50000000|         28|00:01:05|+0.39|0.69|0.4085|
|x|          7|         16|        130|    -61.66666667|         40|00:01:03|+0.59|0.73|0.2724|
|x|          3|         16|        104|    -54.75000000|         52|00:01:03|+0.42|0.57|0.4900|
|-|         14|         12|        130|    -53.00000000|         64|00:01:05|-0.05|0.16|0.9792|
|=|          6|         12|        130|    -55.50000000|         72|00:01:03|+0.02|0.18|0.9224|
|=|          9|         12|        104|    -52.14285714|         80|00:01:03|+0.02|0.16|0.9038|
|=|          1|         12|        130|    -51.62500000|         88|00:01:03|+0.04|0.16|0.8771|
|=|         11|         12|        130|    -51.33333333|         96|00:01:03|+0.07|0.17|0.8610|
|-|         10|          8|        130|    -50.70000000|        104|00:01:03|-0.01|0.09|0.8632|
|=|          4|          8|        105|    -54.63636364|        108|00:01:02|-0.01|0.08|0.8601|
|=|          8|          8|        105|    -57.66666667|        112|00:01:03|+0.01|0.09|0.8449|
|=|          2|          8|        105|    -54.84615385|        116|00:01:03|-0.02|0.06|0.8580|
|=|         12|          8|        105|    -52.42857143|        120|00:01:03|-0.03|0.04|0.8580|
|=|          5|          8|        105|    -52.46666667|        124|00:01:03|-0.02|0.05|0.8653|
|=|         16|          8|        105|    -54.87500000|        132|00:01:05|-0.01|0.05|0.8585|
+-+-----------+-----------+-----------+----------------+-----------+--------+-----+----+------+
Best-so-far configuration:         105    mean value:     -54.87500000
Description of the best-so-far configuration:
    .ID.   p   pe   pm rhoe X_INTVL X_NUMBER .PARENT.
105  105 317 0.27 0.06 0.58     374        3       50

# 2024-11-15 17:47:42 -03: Elite configurations (first number is the configuration ID; listed from best to worst according to the sum of ranks):
      p   pe   pm rhoe X_INTVL X_NUMBER
105 317 0.27 0.06 0.58     374        3
104 284 0.27 0.06 0.52     348        7
80  266 0.20 0.05 0.53     289        7
138 255 0.21 0.05 0.53     288        6
# 2024-11-15 17:47:42 -03: Iteration 6 of 6
# experimentsUsedSoFar: 944
# remainingBudget: 56
# currentBudget: 56
# nbConfigurations: 7
# Markers:
     x No test is performed.
     c Configurations are discarded only due to capping.
     - The test is performed and some configurations are discarded.
     = The test is performed but no configuration is discarded.
     ! The test is performed and configurations could be discarded but elite configurations are preserved.
     . All alive configurations are elite and nothing is discarded

+-+-----------+-----------+-----------+----------------+-----------+--------+-----+----+------+
| |   Instance|      Alive|       Best|       Mean best| Exp so far|  W time|  rho|KenW|  Qvar|
+-+-----------+-----------+-----------+----------------+-----------+--------+-----+----+------+
|x|         17|          7|        138|    -30.00000000|          7|00:01:05|   NA|  NA|    NA|
|x|          7|          7|        138|    -47.00000000|         10|00:01:00|-0.81|0.09|1.3572|
|x|         11|          7|        105|    -46.66666667|         13|00:01:02|-0.31|0.13|1.1255|
|x|         15|          7|        104|    -50.25000000|         16|00:01:02|-0.11|0.17|0.9599|
|=|          3|          7|        104|    -47.40000000|         19|00:01:02|-0.09|0.13|0.8935|
|=|         16|          7|        104|    -55.33333333|         22|00:01:05|+0.00|0.17|0.8349|
|=|         10|          7|        104|    -53.57142857|         25|00:01:02|-0.01|0.14|0.8342|
|=|          4|          7|        104|    -58.75000000|         28|00:01:03|+0.05|0.17|0.7978|
|=|          9|          7|        104|    -56.22222222|         31|00:01:02|+0.07|0.18|0.7604|
|=|          5|          7|        104|    -55.50000000|         34|00:01:02|+0.08|0.17|0.7602|
|=|         13|          7|        104|    -54.90909091|         37|00:01:03|+0.10|0.18|0.7463|
|=|          2|          7|        104|    -51.83333333|         40|00:01:02|+0.08|0.15|0.7625|
|-|          8|          6|        104|    -55.15384615|         43|00:01:02|-0.02|0.06|0.8563|
|=|         12|          6|        104|    -52.50000000|         45|00:01:02|-0.04|0.04|0.8625|
|=|          6|          6|        104|    -53.46666667|         47|00:01:00|-0.02|0.05|0.8464|
|=|          1|          6|        104|    -52.81250000|         49|00:01:02|-0.02|0.04|0.8450|
|=|         14|          6|        105|    -52.88235294|         51|00:01:02|-0.01|0.05|0.8377|
+-+-----------+-----------+-----------+----------------+-----------+--------+-----+----+------+
Best-so-far configuration:         105    mean value:     -52.88235294
Description of the best-so-far configuration:
    .ID.   p   pe   pm rhoe X_INTVL X_NUMBER .PARENT.
105  105 317 0.27 0.06 0.58     374        3       50

# 2024-11-15 18:05:33 -03: Elite configurations (first number is the configuration ID; listed from best to worst according to the sum of ranks):
      p   pe   pm rhoe X_INTVL X_NUMBER
105 317 0.27 0.06 0.58     374        3
104 284 0.27 0.06 0.52     348        7
138 255 0.21 0.05 0.53     288        6
144 261 0.21 0.06 0.52     323        7
# 2024-11-15 18:05:33 -03: Stopped because there is not enough budget left to race more than the minimum (4)
# You may either increase the budget or set 'minNbSurvival' to a lower value
# Iteration: 7
# nbIterations: 7
# experimentsUsedSoFar: 995
# timeUsed: 0
# remainingBudget: 5
# currentBudget: 5
# number of elites: 4
# nbConfigurations: 4
# Total CPU user time: 57.797, CPU sys time: 49.316, Wall-clock time: 6758.203
# Best configurations (first number is the configuration ID; listed from best to worst according to the sum of ranks):
      p   pe   pm rhoe X_INTVL X_NUMBER
105 317 0.27 0.06 0.58     374        3
104 284 0.27 0.06 0.52     348        7
138 255 0.21 0.05 0.53     288        6
144 261 0.21 0.06 0.52     323        7
# Best configurations as commandlines (first number is the configuration ID; same order as above):
105  -p 317 -pe 0.27 -pm 0.06 -rhoe 0.58 -X_INTVL 374 -X_NUMBER 3
104  -p 284 -pe 0.27 -pm 0.06 -rhoe 0.52 -X_INTVL 348 -X_NUMBER 7
138  -p 255 -pe 0.21 -pm 0.05 -rhoe 0.53 -X_INTVL 288 -X_NUMBER 6
144  -p 261 -pe 0.21 -pm 0.06 -rhoe 0.52 -X_INTVL 323 -X_NUMBER 7


# Testing of elite configurations: 1 
# Testing iteration configurations: FALSE 
# 2024-11-15 18:05:33 -03: No test instances, skip testing
