#------------------------------------------------------------------------------
# irace: An implementation in R of (Elitist) Iterated Racing
# Version: 3.5.6863679
# Copyright (C) 2010-2020
# Manuel Lopez-Ibanez     <manuel.lopez-ibanez@manchester.ac.uk>
# Jeremie Dubois-Lacoste  
# Leslie Perez Caceres    <leslie.perez.caceres@ulb.ac.be>
#
# This is free software, and you are welcome to redistribute it under certain
# conditions.  See the GNU General Public License for details. There is NO
# WARRANTY; not even for MERCHANTABILITY or FITNESS FOR A PARTICULAR PURPOSE.
#
# irace builds upon previous code from the race package:
#     race: Racing methods for the selection of the best
#     Copyright (C) 2003 Mauro Birattari
#------------------------------------------------------------------------------
# installed at: /home/shared/sisadapt3/R/x86_64-pc-linux-gnu-library/3.6/irace
# called with: 
== irace == WARNING: A default scenario file '/home/shared/sisadapt3/tuning_sim_annealing/scenario.txt' has been found and will be read.
batchmode 
sge,pbs,torque,slurm,htcondor 
# 2024-11-12 15:51:12 -03: Initialization
# Elitist race
# Elitist new instances: 1
# Elitist limit: 2
# nbIterations: 3
# minNbSurvival: 3
# nbParameters: 2
# seed: 1469592611
# confidence level: 0.95
# budget: 1000
# mu: 5
# deterministic: FALSE

# 2024-11-12 15:51:12 -03: Iteration 1 of 3
# experimentsUsedSoFar: 0
# remainingBudget: 1000
# currentBudget: 333
# nbConfigurations: 55
# Markers:
     x No test is performed.
     c Configurations are discarded only due to capping.
     - The test is performed and some configurations are discarded.
     = The test is performed but no configuration is discarded.
     ! The test is performed and configurations could be discarded but elite configurations are preserved.
     . All alive configurations are elite and nothing is discarded

+-+-----------+-----------+-----------+----------------+-----------+--------+-----+----+------+
| |   Instance|      Alive|       Best|       Mean best| Exp so far|  W time|  rho|KenW|  Qvar|
+-+-----------+-----------+-----------+----------------+-----------+--------+-----+----+------+
|x|          1|         55|          2|    -9.000000000|         55|00:04:06|   NA|  NA|    NA|
|x|          2|         55|         17|    -4.500000000|        110|00:04:04|-0.17|0.42|1.1690|
|x|          3|         55|         17|    -3.333333333|        165|00:04:04|+0.04|0.36|0.9779|
|x|          4|         55|         17|    -2.500000000|        220|00:04:05|+0.02|0.27|0.7344|
|=|          5|         55|         17|    -2.000000000|        275|00:04:06|+0.04|0.23|0.7638|
|=|          6|         55|         30|    -2.833333333|        330|00:04:04|+0.04|0.20|0.7859|
+-+-----------+-----------+-----------+----------------+-----------+--------+-----+----+------+
Best-so-far configuration:          30    mean value:     -2.833333333
Description of the best-so-far configuration:
   .ID. temperature cooling_rate .PARENT.
30   30         654         0.84       NA

# 2024-11-12 16:15:44 -03: Elite configurations (first number is the configuration ID; listed from best to worst according to the sum of ranks):
   temperature cooling_rate
30         654         0.84
17         703         0.44
28         685         0.61
# 2024-11-12 16:15:44 -03: Iteration 2 of 3
# experimentsUsedSoFar: 330
# remainingBudget: 670
# currentBudget: 335
# nbConfigurations: 50
# Markers:
     x No test is performed.
     c Configurations are discarded only due to capping.
     - The test is performed and some configurations are discarded.
     = The test is performed but no configuration is discarded.
     ! The test is performed and configurations could be discarded but elite configurations are preserved.
     . All alive configurations are elite and nothing is discarded

+-+-----------+-----------+-----------+----------------+-----------+--------+-----+----+------+
| |   Instance|      Alive|       Best|       Mean best| Exp so far|  W time|  rho|KenW|  Qvar|
+-+-----------+-----------+-----------+----------------+-----------+--------+-----+----+------+
|x|          7|         50|         77|    -9.000000000|         50|00:04:04|   NA|  NA|    NA|
|x|          2|         50|         17|    -4.500000000|         97|00:04:04|+0.09|0.54|0.9597|
|x|          6|         50|         17|    -5.000000000|        144|00:04:04|+0.09|0.39|0.9406|
|x|          5|         50|         28|    -3.750000000|        191|00:04:03|+0.10|0.33|0.8975|
|-|          1|         16|         28|    -4.400000000|        238|00:04:03|+0.01|0.21|0.9890|
|=|          4|         16|         81|    -3.666666667|        251|00:01:04|+0.01|0.17|0.8156|
|=|          3|         16|         17|    -3.428571429|        264|00:01:06|+0.01|0.15|0.8238|
|=|          8|         16|         17|    -3.125000000|        280|00:02:02|+0.00|0.13|0.8407|
+-+-----------+-----------+-----------+----------------+-----------+--------+-----+----+------+
Best-so-far configuration:          17    mean value:     -3.125000000
Description of the best-so-far configuration:
   .ID. temperature cooling_rate .PARENT.
17   17         703         0.44       NA

# 2024-11-12 16:40:18 -03: Elite configurations (first number is the configuration ID; listed from best to worst according to the sum of ranks):
   temperature cooling_rate
17         703         0.44
70         637         0.95
81         832         0.45
# 2024-11-12 16:40:18 -03: Iteration 3 of 3
# experimentsUsedSoFar: 610
# remainingBudget: 390
# currentBudget: 390
# nbConfigurations: 46
# Markers:
     x No test is performed.
     c Configurations are discarded only due to capping.
     - The test is performed and some configurations are discarded.
     = The test is performed but no configuration is discarded.
     ! The test is performed and configurations could be discarded but elite configurations are preserved.
     . All alive configurations are elite and nothing is discarded

+-+-----------+-----------+-----------+----------------+-----------+--------+-----+----+------+
| |   Instance|      Alive|       Best|       Mean best| Exp so far|  W time|  rho|KenW|  Qvar|
+-+-----------+-----------+-----------+----------------+-----------+--------+-----+----+------+
|x|          9|         46|         70|    -1.000000000|         46|00:04:04|   NA|  NA|    NA|
|x|          1|         46|         81|    -4.500000000|         89|00:04:04|+0.17|0.59|0.7277|
|x|          7|         46|         81|    -5.666666667|        132|00:04:04|+0.56|0.71|0.4851|
|x|          5|         46|         81|    -4.500000000|        175|00:04:03|+0.45|0.59|0.4851|
|-|          2|          3|         81|    -3.800000000|        218|00:04:04|+0.00|0.20|0.5333|
|.|          3|          3|         81|    -3.166666667|        218|00:00:00|-0.16|0.03|0.6444|
|.|          4|          3|         81|    -2.714285714|        218|00:00:00|-0.13|0.03|0.5397|
|.|          8|          3|         81|    -2.500000000|        218|00:00:00|-0.11|0.03|0.4643|
|.|          6|          3|         81|    -2.666666667|        218|00:00:00|-0.12|0.00|0.5000|
+-+-----------+-----------+-----------+----------------+-----------+--------+-----+----+------+
Best-so-far configuration:          17    mean value:     -2.777777778
Description of the best-so-far configuration:
   .ID. temperature cooling_rate .PARENT.
17   17         703         0.44       NA

# 2024-11-12 17:00:38 -03: Elite configurations (first number is the configuration ID; listed from best to worst according to the sum of ranks):
   temperature cooling_rate
17         703         0.44
70         637         0.95
81         832         0.45
# 2024-11-12 17:00:38 -03: Iteration 4 of 4
# experimentsUsedSoFar: 828
# remainingBudget: 172
# currentBudget: 172
# nbConfigurations: 19
# Markers:
     x No test is performed.
     c Configurations are discarded only due to capping.
     - The test is performed and some configurations are discarded.
     = The test is performed but no configuration is discarded.
     ! The test is performed and configurations could be discarded but elite configurations are preserved.
     . All alive configurations are elite and nothing is discarded

+-+-----------+-----------+-----------+----------------+-----------+--------+-----+----+------+
| |   Instance|      Alive|       Best|       Mean best| Exp so far|  W time|  rho|KenW|  Qvar|
+-+-----------+-----------+-----------+----------------+-----------+--------+-----+----+------+
|x|         10|         19|         17|     0.000000000|         19|00:02:02|   NA|  NA|    NA|
|x|          6|         19|        151|    -3.500000000|         35|00:02:03|+0.00|0.50|0.4737|
|x|          4|         19|        151|    -2.333333333|         51|00:02:05|+0.00|0.33|0.3158|
|x|          2|         19|         17|    -1.750000000|         67|00:02:02|+0.00|0.25|0.4701|
|=|          5|         19|         70|    -1.600000000|         83|00:02:03|+0.09|0.27|0.5118|
|=|          7|         19|         70|    -2.500000000|         99|00:02:02|+0.11|0.26|0.5515|
|-|          8|          7|         70|    -2.285714286|        115|00:02:02|-0.07|0.08|0.6488|
|=|          9|          7|         70|    -2.125000000|        119|00:01:03|-0.00|0.12|0.6304|
|=|          3|          7|         70|    -2.000000000|        123|00:01:03|+0.02|0.13|0.6457|
|=|          1|          7|         70|    -2.500000000|        127|00:01:03|+0.02|0.12|0.6650|
|=|         11|          7|         70|    -2.363636364|        134|00:01:01|+0.06|0.15|0.6550|
+-+-----------+-----------+-----------+----------------+-----------+--------+-----+----+------+
Best-so-far configuration:          70    mean value:     -2.363636364
Description of the best-so-far configuration:
   .ID. temperature cooling_rate .PARENT.
70   70         637         0.95       30

# 2024-11-12 17:19:12 -03: Elite configurations (first number is the configuration ID; listed from best to worst according to the sum of ranks):
   temperature cooling_rate
70         637         0.95
17         703         0.44
81         832         0.45
# 2024-11-12 17:19:12 -03: Iteration 5 of 5
# experimentsUsedSoFar: 962
# remainingBudget: 38
# currentBudget: 38
# nbConfigurations: 5
# Markers:
     x No test is performed.
     c Configurations are discarded only due to capping.
     - The test is performed and some configurations are discarded.
     = The test is performed but no configuration is discarded.
     ! The test is performed and configurations could be discarded but elite configurations are preserved.
     . All alive configurations are elite and nothing is discarded

+-+-----------+-----------+-----------+----------------+-----------+--------+-----+----+------+
| |   Instance|      Alive|       Best|       Mean best| Exp so far|  W time|  rho|KenW|  Qvar|
+-+-----------+-----------+-----------+----------------+-----------+--------+-----+----+------+
|x|         12|          5|         70|    -6.000000000|          5|00:01:01|   NA|  NA|    NA|
|x|          9|          5|         70|    -3.500000000|          7|00:01:00|-0.65|0.18|1.2899|
|x|          8|          5|         70|    -2.666666667|          9|00:01:03|-0.24|0.17|1.0055|
|x|         10|          5|         70|    -2.000000000|         11|00:01:03|-0.16|0.13|0.7027|
|=|          1|          5|         70|    -3.000000000|         13|00:01:00|-0.05|0.16|0.6618|
|=|         11|          5|         70|    -2.666666667|         15|00:01:00|+0.08|0.23|0.6048|
|=|          5|          5|         70|    -2.428571429|         17|00:01:02|+0.04|0.18|0.6452|
|=|          7|          5|         70|    -3.000000000|         19|00:01:02|+0.11|0.22|0.6077|
|=|          3|          5|         70|    -2.777777778|         21|00:01:00|+0.17|0.26|0.5761|
|-|          6|          3|         70|    -3.100000000|         23|00:01:00|-0.06|0.05|0.5630|
|.|          2|          3|         70|    -2.909090909|         23|00:00:00|-0.05|0.05|0.5091|
|.|          4|          3|         70|    -2.666666667|         23|00:00:00|-0.05|0.04|0.4646|
+-+-----------+-----------+-----------+----------------+-----------+--------+-----+----+------+
Best-so-far configuration:          70    mean value:     -2.666666667
Description of the best-so-far configuration:
   .ID. temperature cooling_rate .PARENT.
70   70         637         0.95       30

# 2024-11-12 17:29:30 -03: Elite configurations (first number is the configuration ID; listed from best to worst according to the sum of ranks):
   temperature cooling_rate
17         703         0.44
70         637         0.95
81         832         0.45
# 2024-11-12 17:29:30 -03: Stopped because there is not enough budget left to race more than the minimum (3)
# You may either increase the budget or set 'minNbSurvival' to a lower value
# Iteration: 6
# nbIterations: 6
# experimentsUsedSoFar: 985
# timeUsed: 0
# remainingBudget: 15
# currentBudget: 15
# number of elites: 3
# nbConfigurations: 3
# Total CPU user time: 52.302, CPU sys time: 44.882, Wall-clock time: 5898.223
# Best configurations (first number is the configuration ID; listed from best to worst according to the sum of ranks):
   temperature cooling_rate
17         703         0.44
70         637         0.95
81         832         0.45
# Best configurations as commandlines (first number is the configuration ID; same order as above):
17  -temperature 703 -cooling_rate 0.44
70  -temperature 637 -cooling_rate 0.95
81  -temperature 832 -cooling_rate 0.45


# Testing of elite configurations: 1 
# Testing iteration configurations: FALSE 
# 2024-11-12 17:29:30 -03: No test instances, skip testing
