#------------------------------------------------------------------------------
# irace: An implementation in R of (Elitist) Iterated Racing
# Version: 3.5.6863679
# Copyright (C) 2010-2020
# Manuel Lopez-Ibanez     <manuel.lopez-ibanez@manchester.ac.uk>
# Jeremie Dubois-Lacoste  
# Leslie Perez Caceres    <leslie.perez.caceres@ulb.ac.be>
#
# This is free software, and you are welcome to redistribute it under certain
# conditions.  See the GNU General Public License for details. There is NO
# WARRANTY; not even for MERCHANTABILITY or FITNESS FOR A PARTICULAR PURPOSE.
#
# irace builds upon previous code from the race package:
#     race: Racing methods for the selection of the best
#     Copyright (C) 2003 Mauro Birattari
#------------------------------------------------------------------------------
# installed at: /home/shared/sisadapt3/R/x86_64-pc-linux-gnu-library/3.6/irace
# called with: 
== irace == WARNING: A default scenario file '/home/shared/sisadapt3/tuning_merge_model/scenario.txt' has been found and will be read.
# 2024-12-15 03:37:23 -03: 2 expression(s) specifying forbidden configurations read from '/home/shared/sisadapt3/tuning_merge_model/forbidden.txt'
batchmode 
sge,pbs,torque,slurm,htcondor 
# 2024-12-15 03:37:23 -03: Initialization
# Elitist race
# Elitist new instances: 1
# Elitist limit: 2
# nbIterations: 5
# minNbSurvival: 5
# nbParameters: 11
# seed: 1342730888
# confidence level: 0.95
# budget: 1000
# mu: 5
# deterministic: FALSE

# 2024-12-15 03:37:23 -03: Iteration 1 of 5
# experimentsUsedSoFar: 0
# remainingBudget: 1000
# currentBudget: 200
# nbConfigurations: 33
# Markers:
     x No test is performed.
     c Configurations are discarded only due to capping.
     - The test is performed and some configurations are discarded.
     = The test is performed but no configuration is discarded.
     ! The test is performed and configurations could be discarded but elite configurations are preserved.
     . All alive configurations are elite and nothing is discarded

+-+-----------+-----------+-----------+----------------+-----------+--------+-----+----+------+
| |   Instance|      Alive|       Best|       Mean best| Exp so far|  W time|  rho|KenW|  Qvar|
+-+-----------+-----------+-----------+----------------+-----------+--------+-----+----+------+
|x|          1|         33|         10|    -3.772250000|         33|00:03:14|   NA|  NA|    NA|
|x|          2|         33|         16|    -1.276711000|         66|00:03:30|+0.44|0.72|0.6128|
|x|          3|         33|          5|    -1.442402000|         99|00:03:20|+0.48|0.65|0.6331|
|x|          4|         33|         16|    -1.026466500|        132|00:03:22|+0.47|0.60|0.5702|
|-|          5|          8|         16|   -0.9794198000|        165|00:03:14|+0.00|0.20|0.8884|
|=|          6|          8|         16|    -1.446624833|        173|00:01:07|+0.10|0.25|0.7875|
|=|          7|          8|         16|    -1.350634714|        181|00:01:15|+0.10|0.23|0.7976|
+-+-----------+-----------+-----------+----------------+-----------+--------+-----+----+------+
Best-so-far configuration:          16    mean value:     -1.350634714
Description of the best-so-far configuration:
   .ID. population_size   pm elite_count max_error temperature_pert temperature_leap cooling_rate heat_rate iteraciones_max N_parents n_particiones .PARENT.
16   16              38 0.12          18        42           744.26           712.12         0.94      1.76             162         2           192       NA

# 2024-12-15 03:56:29 -03: Elite configurations (first number is the configuration ID; listed from best to worst according to the sum of ranks):
   population_size   pm elite_count max_error temperature_pert temperature_leap cooling_rate heat_rate iteraciones_max N_parents n_particiones
16              38 0.12          18        42           744.26           712.12         0.94      1.76             162         2           192
2               78 0.11          15        45           597.83           933.73         0.92      1.38             213         2            66
5               29 0.06          14        43           371.77          1178.34         0.93      1.35             205         1           131
15              34 0.16          10        40           431.08           663.38         0.95      1.43             151         2           174
17              29 0.15          19        48           536.63          1116.43         0.95      1.77             460         1            82
# 2024-12-15 03:56:29 -03: Iteration 2 of 5
# experimentsUsedSoFar: 181
# remainingBudget: 819
# currentBudget: 204
# nbConfigurations: 29
# Markers:
     x No test is performed.
     c Configurations are discarded only due to capping.
     - The test is performed and some configurations are discarded.
     = The test is performed but no configuration is discarded.
     ! The test is performed and configurations could be discarded but elite configurations are preserved.
     . All alive configurations are elite and nothing is discarded

+-+-----------+-----------+-----------+----------------+-----------+--------+-----+----+------+
| |   Instance|      Alive|       Best|       Mean best| Exp so far|  W time|  rho|KenW|  Qvar|
+-+-----------+-----------+-----------+----------------+-----------+--------+-----+----+------+
|x|          8|         29|          5|    -2.775570000|         29|00:03:05|   NA|  NA|    NA|
|x|          7|         29|         15|    -1.281445500|         53|00:02:11|+0.31|0.65|0.7300|
|x|          5|         29|         49|    -1.120602333|         77|00:02:13|+0.48|0.65|0.5936|
|x|          3|         29|         49|    -1.037436750|        101|00:02:09|+0.54|0.66|0.5097|
|-|          4|          8|         49|   -0.9855978000|        125|00:02:45|+0.07|0.26|0.7898|
|=|          6|          8|         49|   -0.9491203333|        128|00:01:02|-0.06|0.12|0.8688|
|=|          2|          8|         16|    -1.493293286|        131|00:01:05|-0.02|0.12|0.8563|
|=|          1|          8|         16|    -1.528477875|        134|00:01:03|+0.02|0.15|0.8245|
|=|          9|          8|         16|    -1.445063667|        142|00:01:11|+0.04|0.15|0.8232|
+-+-----------+-----------+-----------+----------------+-----------+--------+-----+----+------+
Best-so-far configuration:          16    mean value:     -1.445063667
Description of the best-so-far configuration:
   .ID. population_size   pm elite_count max_error temperature_pert temperature_leap cooling_rate heat_rate iteraciones_max N_parents n_particiones .PARENT.
16   16              38 0.12          18        42           744.26           712.12         0.94      1.76             162         2           192       NA

# 2024-12-15 04:13:17 -03: Elite configurations (first number is the configuration ID; listed from best to worst according to the sum of ranks):
   population_size   pm elite_count max_error temperature_pert temperature_leap cooling_rate heat_rate iteraciones_max N_parents n_particiones
16              38 0.12          18        42           744.26           712.12         0.94      1.76             162         2           192
49              22 0.12          11        39           362.12           637.47         0.98      1.86             298         2            79
5               29 0.06          14        43           371.77          1178.34         0.93      1.35             205         1           131
15              34 0.16          10        40           431.08           663.38         0.95      1.43             151         2           174
39              40 0.07          20        21           722.01           743.26         0.90      1.59             239         2           195
# 2024-12-15 04:13:17 -03: Iteration 3 of 5
# experimentsUsedSoFar: 323
# remainingBudget: 677
# currentBudget: 225
# nbConfigurations: 27
# Markers:
     x No test is performed.
     c Configurations are discarded only due to capping.
     - The test is performed and some configurations are discarded.
     = The test is performed but no configuration is discarded.
     ! The test is performed and configurations could be discarded but elite configurations are preserved.
     . All alive configurations are elite and nothing is discarded

+-+-----------+-----------+-----------+----------------+-----------+--------+-----+----+------+
| |   Instance|      Alive|       Best|       Mean best| Exp so far|  W time|  rho|KenW|  Qvar|
+-+-----------+-----------+-----------+----------------+-----------+--------+-----+----+------+
|x|         10|         27|         74|   -0.7787020000|         27|00:02:35|   NA|  NA|    NA|
|x|          5|         27|         60|   -0.7851360000|         49|00:02:11|+0.33|0.66|0.7339|
|x|          7|         27|         60|   -0.7854673333|         71|00:02:13|+0.30|0.54|0.6790|
|x|          8|         27|         60|    -1.033020500|         93|00:02:11|+0.22|0.42|0.7405|
|-|          2|         14|         60|   -0.9818308000|        115|00:02:31|-0.04|0.17|0.9802|
|=|          9|         14|         16|    -1.112393500|        124|00:01:11|+0.02|0.19|0.9476|
|=|          4|         14|         16|    -1.064587286|        133|00:01:11|+0.10|0.23|0.8870|
|=|          6|         14|         16|    -1.404345125|        142|00:01:05|+0.09|0.20|0.8683|
|=|          3|         14|         16|    -1.334383889|        151|00:01:05|+0.08|0.19|0.8929|
|=|          1|         14|         16|    -1.378422500|        160|00:01:07|+0.05|0.15|0.9155|
|-|         11|          7|         16|    -1.596988636|        174|00:01:05|-0.01|0.08|0.8611|
|=|         12|          7|         16|    -1.529842333|        181|00:01:07|-0.02|0.07|0.8657|
|=|         13|          7|         16|    -1.471754000|        188|00:01:05|-0.01|0.07|0.8599|
+-+-----------+-----------+-----------+----------------+-----------+--------+-----+----+------+
Best-so-far configuration:          16    mean value:     -1.471754000
Description of the best-so-far configuration:
   .ID. population_size   pm elite_count max_error temperature_pert temperature_leap cooling_rate heat_rate iteraciones_max N_parents n_particiones .PARENT.
16   16              38 0.12          18        42           744.26           712.12         0.94      1.76             162         2           192       NA

# 2024-12-15 04:34:00 -03: Elite configurations (first number is the configuration ID; listed from best to worst according to the sum of ranks):
   population_size   pm elite_count max_error temperature_pert temperature_leap cooling_rate heat_rate iteraciones_max N_parents n_particiones
16              38 0.12          18        42           744.26           712.12         0.94      1.76             162         2           192
49              22 0.12          11        39           362.12           637.47         0.98      1.86             298         2            79
39              40 0.07          20        21           722.01           743.26         0.90      1.59             239         2           195
60              22 0.08           5        44           541.39           859.73         0.96      1.35             145         2           121
5               29 0.06          14        43           371.77          1178.34         0.93      1.35             205         1           131
# 2024-12-15 04:34:00 -03: Iteration 4 of 5
# experimentsUsedSoFar: 511
# remainingBudget: 489
# currentBudget: 244
# nbConfigurations: 22
# Markers:
     x No test is performed.
     c Configurations are discarded only due to capping.
     - The test is performed and some configurations are discarded.
     = The test is performed but no configuration is discarded.
     ! The test is performed and configurations could be discarded but elite configurations are preserved.
     . All alive configurations are elite and nothing is discarded

+-+-----------+-----------+-----------+----------------+-----------+--------+-----+----+------+
| |   Instance|      Alive|       Best|       Mean best| Exp so far|  W time|  rho|KenW|  Qvar|
+-+-----------+-----------+-----------+----------------+-----------+--------+-----+----+------+
|x|         14|         22|         16|   -0.7786520000|         22|00:02:24|   NA|  NA|    NA|
|x|          8|         22|         16|    -1.776016000|         39|00:02:02|+0.20|0.60|0.7136|
|x|          1|         22|         16|    -1.775600667|         56|00:02:04|+0.39|0.59|0.6187|
|x|          9|         22|         16|    -1.526138000|         73|00:02:06|+0.38|0.53|0.6520|
|-|          3|          9|         16|    -1.375849200|         90|00:02:06|-0.02|0.19|0.9741|
|=|         10|          9|         16|    -1.276316333|         94|00:01:05|+0.03|0.19|0.9088|
|=|         11|          9|         16|    -1.634364000|         98|00:01:03|+0.08|0.21|0.8512|
|=|          7|          9|         16|    -1.526905250|        102|00:01:03|+0.07|0.19|0.8515|
|-|          2|          7|         16|    -1.443766000|        106|00:01:05|-0.03|0.08|0.8847|
|=|         13|          7|         16|    -1.376858800|        108|00:01:02|-0.04|0.07|0.8900|
|=|          6|          7|         16|    -1.595567091|        110|00:01:05|-0.02|0.07|0.8771|
|=|          4|          7|         16|    -1.527415667|        112|00:01:02|-0.01|0.07|0.8748|
|=|          5|          7|         16|    -1.470786231|        114|00:01:04|+0.00|0.08|0.8676|
|=|         12|          7|         16|    -1.422246714|        116|00:01:02|+0.03|0.10|0.8564|
|=|         15|          7|         16|    -1.445748267|        123|00:01:03|+0.01|0.07|0.8781|
+-+-----------+-----------+-----------+----------------+-----------+--------+-----+----+------+
Best-so-far configuration:          16    mean value:     -1.445748267
Description of the best-so-far configuration:
   .ID. population_size   pm elite_count max_error temperature_pert temperature_leap cooling_rate heat_rate iteraciones_max N_parents n_particiones .PARENT.
16   16              38 0.12          18        42           744.26           712.12         0.94      1.76             162         2           192       NA

# 2024-12-15 04:55:23 -03: Elite configurations (first number is the configuration ID; listed from best to worst according to the sum of ranks):
   population_size   pm elite_count max_error temperature_pert temperature_leap cooling_rate heat_rate iteraciones_max N_parents n_particiones
16              38 0.12          18        42           744.26           712.12         0.94      1.76             162         2           192
49              22 0.12          11        39           362.12           637.47         0.98      1.86             298         2            79
39              40 0.07          20        21           722.01           743.26         0.90      1.59             239         2           195
60              22 0.08           5        44           541.39           859.73         0.96      1.35             145         2           121
87              34 0.05          17        31           746.30           735.60         0.90      1.42             281         2           219
# 2024-12-15 04:55:23 -03: Iteration 5 of 5
# experimentsUsedSoFar: 634
# remainingBudget: 366
# currentBudget: 366
# nbConfigurations: 27
# Markers:
     x No test is performed.
     c Configurations are discarded only due to capping.
     - The test is performed and some configurations are discarded.
     = The test is performed but no configuration is discarded.
     ! The test is performed and configurations could be discarded but elite configurations are preserved.
     . All alive configurations are elite and nothing is discarded

+-+-----------+-----------+-----------+----------------+-----------+--------+-----+----+------+
| |   Instance|      Alive|       Best|       Mean best| Exp so far|  W time|  rho|KenW|  Qvar|
+-+-----------+-----------+-----------+----------------+-----------+--------+-----+----+------+
|x|         16|         27|        108|    -3.791920000|         27|00:02:04|   NA|  NA|    NA|
|x|          3|         27|        110|    -2.286475000|         49|00:02:11|+0.10|0.55|0.9047|
|x|          7|         27|        110|    -1.787683333|         71|00:02:13|+0.40|0.60|0.6053|
|x|          9|         27|        110|    -1.535243750|         93|00:02:13|+0.45|0.59|0.6113|
|-|          1|         16|        105|    -1.382607200|        115|00:02:06|+0.07|0.25|0.9257|
|=|         14|         16|        110|    -1.279185500|        126|00:01:09|+0.11|0.26|0.9051|
|-|         10|          9|        110|    -1.207583429|        137|00:01:09|+0.04|0.17|0.9317|
|=|         15|          9|        110|    -1.151156375|        141|00:01:03|-0.02|0.10|0.9599|
|=|          5|          9|        110|    -1.111144556|        145|00:01:05|-0.03|0.08|0.9732|
|=|          6|          9|        110|    -1.378315100|        149|00:01:05|+0.01|0.11|0.9378|
|=|         13|          9|        110|    -1.324841000|        153|00:01:05|+0.02|0.11|0.9315|
|=|         12|          9|        110|    -1.280345917|        157|00:01:05|+0.03|0.11|0.9331|
|=|          8|          9|        110|    -1.240024462|        161|00:01:03|+0.02|0.09|0.9319|
|=|          4|          9|        110|    -1.207017357|        165|00:01:09|+0.02|0.09|0.9251|
|=|         11|          9|        110|    -1.378739533|        169|00:01:03|+0.04|0.10|0.9073|
|=|          2|          9|        110|    -1.341191500|        173|00:01:05|+0.06|0.11|0.8962|
|=|         17|          9|        110|    -1.308821412|        182|00:01:05|+0.05|0.11|0.8986|
+-+-----------+-----------+-----------+----------------+-----------+--------+-----+----+------+
Best-so-far configuration:         110    mean value:     -1.308821412
Description of the best-so-far configuration:
    .ID. population_size   pm elite_count max_error temperature_pert temperature_leap cooling_rate heat_rate iteraciones_max N_parents n_particiones .PARENT.
110  110              44 0.08          18        37           698.58           697.93         0.91      1.77             165         2           184       39

# 2024-12-15 05:19:22 -03: Elite configurations (first number is the configuration ID; listed from best to worst according to the sum of ranks):
    population_size   pm elite_count max_error temperature_pert temperature_leap cooling_rate heat_rate iteraciones_max N_parents n_particiones
110              44 0.08          18        37           698.58           697.93         0.91      1.77             165         2           184
16               38 0.12          18        42           744.26           712.12         0.94      1.76             162         2           192
102              22 0.07          19        27           579.67           637.06         0.95      1.83             148         2           187
49               22 0.12          11        39           362.12           637.47         0.98      1.86             298         2            79
105              32 0.11          12        30           449.59           686.08         0.95      1.63             308         2           124
# 2024-12-15 05:19:22 -03: Iteration 6 of 6
# experimentsUsedSoFar: 816
# remainingBudget: 184
# currentBudget: 184
# nbConfigurations: 14
# Markers:
     x No test is performed.
     c Configurations are discarded only due to capping.
     - The test is performed and some configurations are discarded.
     = The test is performed but no configuration is discarded.
     ! The test is performed and configurations could be discarded but elite configurations are preserved.
     . All alive configurations are elite and nothing is discarded

+-+-----------+-----------+-----------+----------------+-----------+--------+-----+----+------+
| |   Instance|      Alive|       Best|       Mean best| Exp so far|  W time|  rho|KenW|  Qvar|
+-+-----------+-----------+-----------+----------------+-----------+--------+-----+----+------+
|x|         18|         14|        105|   -0.7785500000|         14|00:01:09|   NA|  NA|    NA|
|x|         10|         14|        110|   -0.7779480000|         23|00:01:09|+0.42|0.71|0.4261|
|x|          3|         14|        110|   -0.7819986667|         32|00:01:07|+0.42|0.62|0.4801|
|x|         14|         14|        110|   -0.7809917500|         41|00:01:11|+0.49|0.62|0.4121|
|-|          4|          6|        110|   -0.7803784000|         50|00:01:07|-0.02|0.19|0.8304|
|=|          9|          6|        110|   -0.7799695000|         51|00:01:02|+0.04|0.20|0.7590|
|=|          8|          6|        110|   -0.7765691429|         52|00:01:02|+0.03|0.17|0.7565|
|=|         11|          6|        110|    -1.152354250|         53|00:01:00|+0.07|0.19|0.7385|
|=|          2|          6|        110|    -1.110756111|         54|00:01:08|+0.10|0.20|0.7213|
|=|          7|          6|        110|    -1.078690500|         55|00:01:02|+0.06|0.16|0.7711|
|=|          1|          6|        110|    -1.049370182|         56|00:01:02|+0.03|0.12|0.7905|
|=|          5|          6|        110|    -1.027843500|         57|00:01:00|+0.05|0.13|0.7884|
|=|          6|          6|        110|    -1.239767077|         58|00:01:02|+0.07|0.14|0.7768|
|=|         15|          6|         16|    -1.492717643|         59|00:01:02|+0.05|0.12|0.7934|
|=|         16|          6|         16|    -1.645379800|         60|00:01:02|+0.08|0.14|0.7691|
|-|         17|          5|         16|    -1.591995625|         61|00:01:00|+0.04|0.10|0.8276|
|.|         13|          5|         16|    -1.543919059|         61|00:00:00|+0.03|0.08|0.8326|
|.|         12|          5|         16|    -1.502103167|         61|00:00:00|+0.04|0.09|0.8342|
+-+-----------+-----------+-----------+----------------+-----------+--------+-----+----+------+
Best-so-far configuration:         110    mean value:     -1.279327167
Description of the best-so-far configuration:
    .ID. population_size   pm elite_count max_error temperature_pert temperature_leap cooling_rate heat_rate iteraciones_max N_parents n_particiones .PARENT.
110  110              44 0.08          18        37           698.58           697.93         0.91      1.77             165         2           184       39

# 2024-12-15 05:36:40 -03: Elite configurations (first number is the configuration ID; listed from best to worst according to the sum of ranks):
    population_size   pm elite_count max_error temperature_pert temperature_leap cooling_rate heat_rate iteraciones_max N_parents n_particiones
110              44 0.08          18        37           698.58           697.93         0.91      1.77             165         2           184
16               38 0.12          18        42           744.26           712.12         0.94      1.76             162         2           192
49               22 0.12          11        39           362.12           637.47         0.98      1.86             298         2            79
105              32 0.11          12        30           449.59           686.08         0.95      1.63             308         2           124
102              22 0.07          19        27           579.67           637.06         0.95      1.83             148         2           187
# 2024-12-15 05:36:40 -03: Iteration 7 of 7
# experimentsUsedSoFar: 877
# remainingBudget: 123
# currentBudget: 123
# nbConfigurations: 11
# Markers:
     x No test is performed.
     c Configurations are discarded only due to capping.
     - The test is performed and some configurations are discarded.
     = The test is performed but no configuration is discarded.
     ! The test is performed and configurations could be discarded but elite configurations are preserved.
     . All alive configurations are elite and nothing is discarded

+-+-----------+-----------+-----------+----------------+-----------+--------+-----+----+------+
| |   Instance|      Alive|       Best|       Mean best| Exp so far|  W time|  rho|KenW|  Qvar|
+-+-----------+-----------+-----------+----------------+-----------+--------+-----+----+------+
|x|         19|         11|        130|    -3.770470000|         11|00:01:05|   NA|  NA|    NA|
|x|         15|         11|        130|    -3.770470000|         17|00:01:03|+0.88|0.94|0.1269|
|x|          5|         11|         49|    -2.117945667|         23|00:01:03|+0.32|0.55|0.8758|
|x|          7|         11|         49|    -1.785444250|         29|00:01:05|-0.07|0.20|1.0476|
|=|         10|         11|         16|    -1.378545800|         35|00:01:09|-0.07|0.14|1.0131|
|=|          9|         11|         49|    -1.448207500|         41|00:01:05|+0.01|0.18|0.9344|
|=|          3|         11|         49|    -1.353883571|         47|00:01:03|+0.03|0.17|0.8878|
|=|         16|         11|        110|    -1.155270375|         53|00:01:03|+0.03|0.15|0.8941|
|=|         13|         11|        110|    -1.114695889|         59|00:01:05|+0.06|0.17|0.8562|
|=|          1|         11|        128|   -0.9815995000|         65|00:01:03|+0.02|0.12|0.9149|
|=|          6|         11|        110|    -1.324661818|         71|00:01:03|+0.03|0.12|0.9127|
|=|         11|         11|        110|    -1.529510833|         77|00:01:03|+0.06|0.14|0.8780|
|-|          4|          7|        110|    -1.471696538|         83|00:01:03|+0.03|0.10|0.9028|
|=|         17|          7|        110|    -1.423068214|         85|00:01:03|+0.02|0.09|0.9016|
|=|          8|          7|         16|    -1.778996667|         87|00:01:04|+0.02|0.09|0.8929|
|=|          2|          7|         16|    -1.716475125|         89|00:01:09|+0.02|0.08|0.8872|
|=|         18|          7|         16|    -1.661256000|         91|00:01:02|+0.03|0.08|0.8897|
|=|         12|          7|         16|    -1.612921389|         93|00:01:02|+0.03|0.09|0.8841|
|=|         14|          7|         16|    -1.569012474|         95|00:01:09|+0.03|0.08|0.8773|
|=|         20|          7|         16|    -1.530123500|        102|00:01:03|+0.04|0.09|0.8671|
+-+-----------+-----------+-----------+----------------+-----------+--------+-----+----+------+
Best-so-far configuration:          16    mean value:     -1.530123500
Description of the best-so-far configuration:
   .ID. population_size   pm elite_count max_error temperature_pert temperature_leap cooling_rate heat_rate iteraciones_max N_parents n_particiones .PARENT.
16   16              38 0.12          18        42           744.26           712.12         0.94      1.76             162         2           192       NA

# 2024-12-15 05:58:12 -03: Elite configurations (first number is the configuration ID; listed from best to worst according to the sum of ranks):
    population_size   pm elite_count max_error temperature_pert temperature_leap cooling_rate heat_rate iteraciones_max N_parents n_particiones
16               38 0.12          18        42           744.26           712.12         0.94      1.76             162         2           192
110              44 0.08          18        37           698.58           697.93         0.91      1.77             165         2           184
49               22 0.12          11        39           362.12           637.47         0.98      1.86             298         2            79
128              20 0.14          15        40           385.13           714.59         0.97      1.95             248         2           130
105              32 0.11          12        30           449.59           686.08         0.95      1.63             308         2           124
# 2024-12-15 05:58:12 -03: Stopped because there is not enough budget left to race more than the minimum (5)
# You may either increase the budget or set 'minNbSurvival' to a lower value
# Iteration: 8
# nbIterations: 8
# experimentsUsedSoFar: 979
# timeUsed: 0
# remainingBudget: 21
# currentBudget: 21
# number of elites: 5
# nbConfigurations: 5
# Total CPU user time: 64.112, CPU sys time: 57.799, Wall-clock time: 8449.894
# Best configurations (first number is the configuration ID; listed from best to worst according to the sum of ranks):
    population_size   pm elite_count max_error temperature_pert temperature_leap cooling_rate heat_rate iteraciones_max N_parents n_particiones
16               38 0.12          18        42           744.26           712.12         0.94      1.76             162         2           192
110              44 0.08          18        37           698.58           697.93         0.91      1.77             165         2           184
49               22 0.12          11        39           362.12           637.47         0.98      1.86             298         2            79
128              20 0.14          15        40           385.13           714.59         0.97      1.95             248         2           130
105              32 0.11          12        30           449.59           686.08         0.95      1.63             308         2           124
# Best configurations as commandlines (first number is the configuration ID; same order as above):
16   -pop_size 38 -pm 0.12 -elite 18 -max_error 42 -temp_pert 744.26 -temp_leap 712.12 -cool_rate 0.94 -heat_rate 1.76 -iter_max 162 -N_parents 2 -n_part 192
110  -pop_size 44 -pm 0.08 -elite 18 -max_error 37 -temp_pert 698.58 -temp_leap 697.93 -cool_rate 0.91 -heat_rate 1.77 -iter_max 165 -N_parents 2 -n_part 184
49   -pop_size 22 -pm 0.12 -elite 11 -max_error 39 -temp_pert 362.12 -temp_leap 637.47 -cool_rate 0.98 -heat_rate 1.86 -iter_max 298 -N_parents 2 -n_part 79
128  -pop_size 20 -pm 0.14 -elite 15 -max_error 40 -temp_pert 385.13 -temp_leap 714.59 -cool_rate 0.97 -heat_rate 1.95 -iter_max 248 -N_parents 2 -n_part 130
105  -pop_size 32 -pm 0.11 -elite 12 -max_error 30 -temp_pert 449.59 -temp_leap 686.08 -cool_rate 0.95 -heat_rate 1.63 -iter_max 308 -N_parents 2 -n_part 124


# Testing of elite configurations: 1 
# Testing iteration configurations: FALSE 
# 2024-12-15 05:58:12 -03: No test instances, skip testing
